/workspaces/openbsw/libs/bsw/uds/src/uds/services/readdata/MultipleReadDataByIdentifier.cpp:151:6:virtual void uds::MultipleReadDataByIdentifier::handleNestedResponseCode(uds::DiagReturnCode::Type)	8	static
/workspaces/openbsw/libs/3rdparty/etl/include/etl/private/delegate_cpp11.h:582:36:) = &uds::MultipleReadDataByIdentifier::defaultCheckResponse; TReturn = bool; TParams = {uds::DiagReturnCode::Type, uds::DiagReturnCode::Type&}]	0	static
/workspaces/openbsw/libs/bsw/uds/src/uds/services/readdata/MultipleReadDataByIdentifier.cpp:87:22:virtual uds::DiagReturnCode::Type uds::MultipleReadDataByIdentifier::process(uds::IncomingDiagConnection&, const uint8_t*, uint16_t)	32	static
/workspaces/openbsw/libs/bsw/uds/src/uds/services/readdata/MultipleReadDataByIdentifier.cpp:115:6:virtual void uds::MultipleReadDataByIdentifier::responseSent(uds::IncomingDiagConnection&, uds::AbstractDiagJob::ResponseSendResult)	8	static
/workspaces/openbsw/libs/bsw/uds/src/uds/services/readdata/MultipleReadDataByIdentifier.cpp:123:1:virtual etl::span<const unsigned char> uds::MultipleReadDataByIdentifier::prepareNestedRequest(const etl::span<const unsigned char>&)	24	static
/workspaces/openbsw/libs/bsw/uds/src/uds/services/readdata/MultipleReadDataByIdentifier.cpp:138:22:virtual uds::DiagReturnCode::Type uds::MultipleReadDataByIdentifier::processNestedRequest(uds::IncomingDiagConnection&, const uint8_t*, uint16_t)	24	static
/workspaces/openbsw/libs/bsw/uds/src/uds/services/readdata/MultipleReadDataByIdentifier.cpp:68:1:virtual uds::DiagReturnCode::Type uds::MultipleReadDataByIdentifier::verify(const uint8_t*, uint16_t)	0	static
/workspaces/openbsw/libs/bsw/uds/include/uds/services/readdata/MultipleReadDataByIdentifier.h:102:10:virtual void uds::MultipleReadDataByIdentifier::_ZThn24_N3uds28MultipleReadDataByIdentifier24handleNestedResponseCodeENS_14DiagReturnCode4TypeE(uds::DiagReturnCode::Type)	8	static
/workspaces/openbsw/libs/bsw/uds/include/uds/services/readdata/MultipleReadDataByIdentifier.h:95:26:virtual uds::DiagReturnCode::Type uds::MultipleReadDataByIdentifier::_ZThn24_N3uds28MultipleReadDataByIdentifier20processNestedRequestERNS_22IncomingDiagConnectionEPKht(uds::IncomingDiagConnection&, const uint8_t*, uint16_t)	24	static
/workspaces/openbsw/libs/bsw/uds/include/uds/services/readdata/MultipleReadDataByIdentifier.h:91:5:virtual etl::span<const unsigned char> uds::MultipleReadDataByIdentifier::_ZThn24_N3uds28MultipleReadDataByIdentifier20prepareNestedRequestERKN3etl4spanIKhLj4294967295EEE(const etl::span<const unsigned char>&)	24	static
/workspaces/openbsw/libs/bsw/uds/src/uds/services/readdata/MultipleReadDataByIdentifier.cpp:17:1:uds::MultipleReadDataByIdentifier::MultipleReadDataByIdentifier(uds::IAsyncDiagHelper&)	16	static
/workspaces/openbsw/libs/bsw/uds/src/uds/services/readdata/MultipleReadDataByIdentifier.cpp:32:1:uds::MultipleReadDataByIdentifier::MultipleReadDataByIdentifier(uds::IAsyncDiagHelper&, uds::AbstractDiagJob&)	24	static
/workspaces/openbsw/libs/bsw/uds/src/uds/services/readdata/MultipleReadDataByIdentifier.cpp:48:6:void uds::MultipleReadDataByIdentifier::setGetDidLimit(GetDidLimitType)	8	static
/workspaces/openbsw/libs/bsw/uds/src/uds/services/readdata/MultipleReadDataByIdentifier.cpp:53:6:void uds::MultipleReadDataByIdentifier::setCheckResponse(CheckResponseType)	8	static
/workspaces/openbsw/libs/bsw/uds/src/uds/services/readdata/MultipleReadDataByIdentifier.cpp:159:6:bool uds::MultipleReadDataByIdentifier::defaultCheckResponse(uds::DiagReturnCode::Type, uds::DiagReturnCode::Type&)	0	static
