/workspaces/openbsw/executables/referenceApp/udsConfiguration/include/uds/session/DiagSession.h:48:18:virtual void uds::DiagSession::enter()	0	static
/workspaces/openbsw/libs/bsw/uds/include/uds/session/IDiagSessionManager.h:69:18:virtual bool uds::IDiagSessionManager::persistAndRestoreSession()	0	static
/workspaces/openbsw/libs/bsw/uds/src/uds/services/sessioncontrol/DiagnosticSessionControl.cpp:76:20:virtual const uds::DiagSession& uds::DiagnosticSessionControl::getActiveSession() const	0	static
/workspaces/openbsw/libs/bsw/uds/src/uds/services/sessioncontrol/DiagnosticSessionControl.cpp:151:6:virtual bool uds::DiagnosticSessionControl::isSessionTimeoutActive()	0	static
/workspaces/openbsw/libs/bsw/uds/src/uds/services/sessioncontrol/DiagnosticSessionControl.cpp:153:6:virtual void uds::DiagnosticSessionControl::resetToDefaultSession()	8	static
/workspaces/openbsw/libs/bsw/uds/src/uds/services/sessioncontrol/DiagnosticSessionControl.cpp:149:6:virtual void uds::DiagnosticSessionControl::stopSessionTimeout()	8	static
/workspaces/openbsw/libs/bsw/uds/src/uds/services/sessioncontrol/DiagnosticSessionControl.cpp:78:6:virtual void uds::DiagnosticSessionControl::responseSent(uds::IncomingDiagConnection&, uds::AbstractDiagJob::ResponseSendResult)	8	static
/workspaces/openbsw/libs/bsw/uds/include/uds/services/sessioncontrol/DiagnosticSessionControl.h:44:24:virtual const uds::DiagSession& uds::DiagnosticSessionControl::_ZThn24_NK3uds24DiagnosticSessionControl16getActiveSessionEv() const	0	static
/workspaces/openbsw/libs/bsw/uds/include/uds/services/sessioncontrol/DiagnosticSessionControl.h:71:10:virtual bool uds::DiagnosticSessionControl::_ZThn24_N3uds24DiagnosticSessionControl22isSessionTimeoutActiveEv()	0	static
/workspaces/openbsw/libs/bsw/uds/include/uds/services/sessioncontrol/DiagnosticSessionControl.h:66:10:virtual void uds::DiagnosticSessionControl::_ZThn24_N3uds24DiagnosticSessionControl18stopSessionTimeoutEv()	8	static
/workspaces/openbsw/libs/bsw/uds/include/uds/services/sessioncontrol/DiagnosticSessionControl.h:76:10:virtual void uds::DiagnosticSessionControl::_ZThn24_N3uds24DiagnosticSessionControl21resetToDefaultSessionEv()	16	static
/workspaces/openbsw/libs/bsw/util/include/util/logger/Logger.h:191:13:)	20	static
/workspaces/openbsw/libs/bsw/uds/src/uds/services/sessioncontrol/DiagnosticSessionControl.cpp:90:22:virtual uds::DiagReturnCode::Type uds::DiagnosticSessionControl::process(uds::IncomingDiagConnection&, const uint8_t*, uint16_t)	32	static
/workspaces/openbsw/libs/bsw/uds/src/uds/services/sessioncontrol/DiagnosticSessionControl.cpp:333:6:virtual void uds::DiagnosticSessionControl::sessionRead(uint8_t)	16	static
/workspaces/openbsw/libs/bsw/uds/src/uds/services/sessioncontrol/DiagnosticSessionControl.cpp:287:6:virtual void uds::DiagnosticSessionControl::switchSession(uds::DiagSession&)	32	static
/workspaces/openbsw/libs/bsw/util/include/util/logger/Logger.h:196:13:)	20	static
/workspaces/openbsw/libs/bsw/util/include/util/logger/Logger.h:201:13:)	20	static
/workspaces/openbsw/libs/bsw/uds/src/uds/services/sessioncontrol/DiagnosticSessionControl.cpp:345:6:virtual void uds::DiagnosticSessionControl::sessionWritten(bool)	8	static
/workspaces/openbsw/libs/bsw/uds/src/uds/services/sessioncontrol/DiagnosticSessionControl.cpp:25:1:uds::DiagnosticSessionControl::DiagnosticSessionControl(uds::IUdsLifecycleConnector&, async::ContextType, uds::ISessionPersistence&)	32	static
/workspaces/openbsw/libs/bsw/uds/src/uds/services/sessioncontrol/DiagnosticSessionControl.cpp:52:6:void uds::DiagnosticSessionControl::init(uds::AbstractDiagJob&, uds::AbstractDiagJob&, uds::AbstractDiagJob&, uds::AbstractDiagJob&, uds::InitCompleteCallbackType)	12	static
/workspaces/openbsw/libs/bsw/uds/src/uds/services/sessioncontrol/DiagnosticSessionControl.cpp:70:6:void uds::DiagnosticSessionControl::shutdown()	8	static
/workspaces/openbsw/libs/bsw/uds/src/uds/services/sessioncontrol/DiagnosticSessionControl.cpp:168:22:uds::DiagReturnCode::Type uds::DiagnosticSessionControl::acceptedJob_ext(const uds::IncomingDiagConnection&, const uds::AbstractDiagJob&, const uint8_t*, uint16_t)	24	static
/workspaces/openbsw/libs/bsw/uds/src/uds/services/sessioncontrol/DiagnosticSessionControl.cpp:159:22:virtual uds::DiagReturnCode::Type uds::DiagnosticSessionControl::acceptedJob(uds::IncomingDiagConnection&, const uds::AbstractDiagJob&, const uint8_t*, uint16_t)	4	static
/workspaces/openbsw/libs/bsw/uds/include/uds/services/sessioncontrol/DiagnosticSessionControl.h:78:26:virtual uds::DiagReturnCode::Type uds::DiagnosticSessionControl::_ZThn24_N3uds24DiagnosticSessionControl11acceptedJobERNS_22IncomingDiagConnectionERKNS_15AbstractDiagJobEPKht(uds::IncomingDiagConnection&, const uds::AbstractDiagJob&, const uint8_t*, uint16_t)	4	static
/workspaces/openbsw/libs/bsw/uds/src/uds/services/sessioncontrol/DiagnosticSessionControl.cpp:221:1:void uds::DiagnosticSessionControl::addDiagSessionListener_local(uds::IDiagSessionChangedListener&)	8	static
/workspaces/openbsw/libs/bsw/uds/src/uds/services/sessioncontrol/DiagnosticSessionControl.cpp:227:6:virtual void uds::DiagnosticSessionControl::addDiagSessionListener(uds::IDiagSessionChangedListener&)	0	static
/workspaces/openbsw/libs/bsw/uds/include/uds/services/sessioncontrol/DiagnosticSessionControl.h:90:10:virtual void uds::DiagnosticSessionControl::_ZThn24_N3uds24DiagnosticSessionControl22addDiagSessionListenerERNS_27IDiagSessionChangedListenerE(uds::IDiagSessionChangedListener&)	0	static
/workspaces/openbsw/libs/bsw/uds/src/uds/services/sessioncontrol/DiagnosticSessionControl.cpp:233:1:void uds::DiagnosticSessionControl::removeDiagSessionListener_local(uds::IDiagSessionChangedListener&)	4	static
/workspaces/openbsw/libs/bsw/uds/src/uds/services/sessioncontrol/DiagnosticSessionControl.cpp:239:6:virtual void uds::DiagnosticSessionControl::removeDiagSessionListener(uds::IDiagSessionChangedListener&)	0	static
/workspaces/openbsw/libs/bsw/uds/include/uds/services/sessioncontrol/DiagnosticSessionControl.h:92:10:virtual void uds::DiagnosticSessionControl::_ZThn24_N3uds24DiagnosticSessionControl25removeDiagSessionListenerERNS_27IDiagSessionChangedListenerE(uds::IDiagSessionChangedListener&)	0	static
/workspaces/openbsw/libs/bsw/uds/src/uds/services/sessioncontrol/DiagnosticSessionControl.cpp:244:20:void uds::DiagnosticSessionControl::expired_local()	16	static
/workspaces/openbsw/libs/bsw/uds/src/uds/services/sessioncontrol/DiagnosticSessionControl.cpp:262:6:virtual void uds::DiagnosticSessionControl::execute()	0	static
/workspaces/openbsw/libs/bsw/uds/include/uds/services/sessioncontrol/DiagnosticSessionControl.h:93:10:virtual void uds::DiagnosticSessionControl::_ZThn28_N3uds24DiagnosticSessionControl7executeEv()	0	static
/workspaces/openbsw/libs/bsw/uds/src/uds/services/sessioncontrol/DiagnosticSessionControl.cpp:264:6:void uds::DiagnosticSessionControl::setTimeout(uint32_t)	24	static
/workspaces/openbsw/libs/bsw/uds/src/uds/services/sessioncontrol/DiagnosticSessionControl.cpp:271:6:void uds::DiagnosticSessionControl::startTimeout()	24	static
/workspaces/openbsw/libs/bsw/uds/src/uds/services/sessioncontrol/DiagnosticSessionControl.cpp:147:6:virtual void uds::DiagnosticSessionControl::startSessionTimeout()	0	static
/workspaces/openbsw/libs/bsw/uds/src/uds/services/sessioncontrol/DiagnosticSessionControl.cpp:185:20:void uds::DiagnosticSessionControl::responseSent_local(const uds::IncomingDiagConnection&, uds::DiagReturnCode::Type, const uint8_t*, uint16_t)	16	static
/workspaces/openbsw/libs/bsw/uds/src/uds/services/sessioncontrol/DiagnosticSessionControl.cpp:211:6:virtual void uds::DiagnosticSessionControl::responseSent(uds::IncomingDiagConnection&, uds::DiagReturnCode::Type, const uint8_t*, uint16_t)	4	static
/workspaces/openbsw/libs/bsw/uds/include/uds/services/sessioncontrol/DiagnosticSessionControl.h:84:10:virtual void uds::DiagnosticSessionControl::_ZThn24_N3uds24DiagnosticSessionControl12responseSentERNS_22IncomingDiagConnectionENS_14DiagReturnCode4TypeEPKht(uds::IncomingDiagConnection&, uds::DiagReturnCode::Type, const uint8_t*, uint16_t)	4	static
/workspaces/openbsw/libs/bsw/uds/include/uds/services/sessioncontrol/DiagnosticSessionControl.h:61:10:virtual void uds::DiagnosticSessionControl::_ZThn24_N3uds24DiagnosticSessionControl19startSessionTimeoutEv()	0	static
