/workspaces/openbsw/libs/bsw/lifecycle/include/lifecycle/LifecycleManagerForwarder.h:14:7:lifecycle::LifecycleManagerForwarder::~LifecycleManagerForwarder()	0	static
/workspaces/openbsw/libs/bsw/lifecycle/include/lifecycle/LifecycleManagerForwarder.h:14:7:virtual lifecycle::LifecycleManagerForwarder::~LifecycleManagerForwarder()	8	static
/workspaces/openbsw/libs/bsw/lifecycle/src/lifecycle/LifecycleManagerForwarder.cpp:34:6:virtual void lifecycle::LifecycleManagerForwarder::removeLifecycleListener(lifecycle::ILifecycleListener&)	0	static
/workspaces/openbsw/libs/bsw/lifecycle/src/lifecycle/LifecycleManagerForwarder.cpp:13:9:virtual uint8_t lifecycle::LifecycleManagerForwarder::getLevelCount() const	0	static
/workspaces/openbsw/libs/bsw/lifecycle/src/lifecycle/LifecycleManagerForwarder.cpp:18:6:virtual void lifecycle::LifecycleManagerForwarder::transitionToLevel(uint8_t)	0	static
/workspaces/openbsw/libs/bsw/lifecycle/src/lifecycle/LifecycleManagerForwarder.cpp:26:6:virtual void lifecycle::LifecycleManagerForwarder::addLifecycleListener(lifecycle::ILifecycleListener&)	0	static
/workspaces/openbsw/libs/bsw/lifecycle/src/lifecycle/LifecycleManagerForwarder.cpp:8:6:void lifecycle::LifecycleManagerForwarder::init(lifecycle::ILifecycleManager&)	0	static
