/workspaces/openbsw/libs/bsw/lifecycle/include/lifecycle/LifecycleManager.h:66:13:virtual uint8_t lifecycle::LifecycleManager::getLevelCount() const	0	static
/workspaces/openbsw/libs/bsw/lifecycle/src/lifecycle/LifecycleManager.cpp:210:6:virtual void lifecycle::LifecycleManager::ComponentTransitionExecutor::execute()	0	static
/workspaces/openbsw/libs/bsw/lifecycle/include/lifecycle/LifecycleManager.h:97:17:lifecycle::LifecycleManager::ComponentTransitionExecutor::~ComponentTransitionExecutor()	0	static
/workspaces/openbsw/libs/bsw/lifecycle/include/lifecycle/LifecycleManager.h:118:5:lifecycle::LifecycleManager::~LifecycleManager()	4	static
/workspaces/openbsw/libs/bsw/lifecycle/src/lifecycle/LifecycleManager.cpp:53:6:virtual void lifecycle::LifecycleManager::transitionToLevel(uint8_t)	0	static
/workspaces/openbsw/libs/bsw/lifecycle/include/lifecycle/LifecycleManager.h:97:17:virtual lifecycle::LifecycleManager::ComponentTransitionExecutor::~ComponentTransitionExecutor()	8	static
/workspaces/openbsw/libs/bsw/lifecycle/include/lifecycle/LifecycleManager.h:118:5:virtual lifecycle::LifecycleManager::~LifecycleManager()	16	static
/workspaces/openbsw/libs/bsw/lifecycle/src/lifecycle/LifecycleManager.cpp:61:6:virtual void lifecycle::LifecycleManager::addLifecycleListener(lifecycle::ILifecycleListener&)	4	static
/workspaces/openbsw/libs/bsw/lifecycle/src/lifecycle/LifecycleManager.cpp:67:6:virtual void lifecycle::LifecycleManager::removeLifecycleListener(lifecycle::ILifecycleListener&)	0	static
/workspaces/openbsw/libs/bsw/lifecycle/include/lifecycle/LifecycleManager.h:118:5:virtual void* lifecycle::LifecycleManager::_ZThn4_N9lifecycle16LifecycleManagerD1Ev()	4	static
/workspaces/openbsw/libs/bsw/lifecycle/include/lifecycle/LifecycleManager.h:118:5:virtual void* lifecycle::LifecycleManager::_ZThn4_N9lifecycle16LifecycleManagerD0Ev()	16	static
/workspaces/openbsw/libs/bsw/util/include/util/logger/Logger.h:186:13:)	20	static
/workspaces/openbsw/libs/bsw/util/include/util/logger/Logger.h:191:13:)	20	static
/workspaces/openbsw/libs/bsw/lifecycle/src/lifecycle/LifecycleManager.cpp:73:6:virtual void lifecycle::LifecycleManager::transitionDone(lifecycle::ILifecycleComponent&)	24	static
/workspaces/openbsw/libs/bsw/lifecycle/src/lifecycle/LifecycleManager.cpp:14:1:lifecycle::LifecycleManager::LifecycleManager(async::ContextType, GetTimestampType, const ComponentInfoSliceType&, ComponentTransitionExecutorVectorType&, const LevelIndexSliceType&)	24	static
/workspaces/openbsw/libs/bsw/lifecycle/src/lifecycle/LifecycleManager.cpp:28:6:void lifecycle::LifecycleManager::addComponent(const char*, lifecycle::ILifecycleComponent&, uint8_t)	16	static
/workspaces/openbsw/libs/bsw/lifecycle/src/lifecycle/LifecycleManager.cpp:149:6:bool lifecycle::LifecycleManager::checkLevelTransitionDone()	24	static
/workspaces/openbsw/libs/bsw/lifecycle/src/lifecycle/LifecycleManager.cpp:96:6:virtual void lifecycle::LifecycleManager::execute()	40	static
/workspaces/openbsw/libs/bsw/lifecycle/src/lifecycle/LifecycleManager.cpp:190:1:static const char* lifecycle::LifecycleManager::getTransitionString(lifecycle::ILifecycleComponent::Transition::Type)	0	static
/workspaces/openbsw/libs/bsw/lifecycle/src/lifecycle/LifecycleManager.cpp:215:1:cpp)	0	static
