/workspaces/openbsw/libs/bsw/util/src/util/format/PrintfFormatScanner.cpp:30:6:void util::format::PrintfFormatScanner::scanString(uint32_t)	0	static
/workspaces/openbsw/libs/bsw/util/src/util/format/PrintfFormatScanner.cpp:69:9:int32_t util::format::PrintfFormatScanner::scanWidthOrPrecision()	0	static
/workspaces/openbsw/libs/bsw/util/src/util/format/PrintfFormatScanner.cpp:93:6:void util::format::PrintfFormatScanner::scanParamFlags()	0	static
/workspaces/openbsw/libs/bsw/util/src/util/format/PrintfFormatScanner.cpp:133:9:uint8_t util::format::PrintfFormatScanner::scanParamLength()	0	static
/workspaces/openbsw/libs/bsw/util/src/util/format/PrintfFormatScanner.cpp:163:6:void util::format::PrintfFormatScanner::scanParamFormatSpecifier(uint8_t)	4	static
/workspaces/openbsw/libs/bsw/util/src/util/format/PrintfFormatScanner.cpp:48:6:void util::format::PrintfFormatScanner::scanParam()	8	static
/workspaces/openbsw/libs/bsw/util/src/util/format/PrintfFormatScanner.cpp:18:6:void util::format::PrintfFormatScanner::nextToken()	0	static
/workspaces/openbsw/libs/bsw/util/src/util/format/PrintfFormatScanner.cpp:9:1:util::format::PrintfFormatScanner::PrintfFormatScanner(const char*)	8	static
