/workspaces/openbsw/libs/bsw/util/src/util/format/Vt100AttributedStringFormatter.cpp:16:49:util::format::Vt100AttributedStringFormatter::ApplyAttributes util::format::Vt100AttributedStringFormatter::reset()	24	static
/workspaces/openbsw/libs/bsw/util/src/util/format/Vt100AttributedStringFormatter.cpp:22:1:util::format::Vt100AttributedStringFormatter::ApplyAttributes util::format::Vt100AttributedStringFormatter::attr(const util::format::StringAttributes&)	8	static
/workspaces/openbsw/libs/bsw/util/src/util/format/Vt100AttributedStringFormatter.cpp:27:49:util::format::Vt100AttributedStringFormatter::ApplyAttributes util::format::Vt100AttributedStringFormatter::attr(util::format::Color, uint8_t, util::format::Color)	24	static
/workspaces/openbsw/libs/bsw/util/src/util/format/Vt100AttributedStringFormatter.cpp:34:1:util::format::Vt100AttributedStringFormatter::WriteAttributedString util::format::Vt100AttributedStringFormatter::write(const util::format::AttributedString&)	4	static
/workspaces/openbsw/libs/bsw/util/src/util/format/Vt100AttributedStringFormatter.cpp:40:1:util::format::Vt100AttributedStringFormatter::WriteAttributedString util::format::Vt100AttributedStringFormatter::write(const char*, const util::format::StringAttributes&)	24	static
/workspaces/openbsw/libs/bsw/util/src/util/format/Vt100AttributedStringFormatter.cpp:45:55:util::format::Vt100AttributedStringFormatter::WriteAttributedString util::format::Vt100AttributedStringFormatter::write(const char*, util::format::Color, uint8_t, util::format::Color)	40	static
/workspaces/openbsw/libs/bsw/util/src/util/format/Vt100AttributedStringFormatter.cpp:55:9:static uint8_t util::format::Vt100AttributedStringFormatter::getFormatCodes(const util::format::StringAttributes&, uint8_t*)	12	static
