/workspaces/openbsw/libs/bsw/lifecycle/include/lifecycle/LifecycleManager.h:66:13:virtual uint8_t lifecycle::LifecycleManager::getLevelCount() const	0	static
/workspaces/openbsw/executables/referenceApp/application/src/app/app.cpp:127:10:virtual void app::LifecycleMonitor::lifecycleLevelReached(uint8_t, lifecycle::ILifecycleComponent::Transition::Type)	0	static
/workspaces/openbsw/libs/3rdparty/etl/include/etl/private/delegate_cpp11.h:631:36:) = async::FreeRtosAdapter<async::AsyncBinding>::getTaskName; TReturn = const char*; TParams = {unsigned int}]	0	static
/workspaces/openbsw/libs/3rdparty/etl/include/etl/private/delegate_cpp11.h:592:36:) const = &runtime::declare::RuntimeMonitor<runtime::RuntimeStatistics, runtime::RuntimeStatistics, 10, 3>::getIsrGroupName; TReturn = const char*; TParams = {unsigned int}]	0	static
/workspaces/openbsw/libs/bsw/lifecycle/include/lifecycle/LifecycleManager.h:97:17:lifecycle::LifecycleManager::ComponentTransitionExecutor::~ComponentTransitionExecutor()	0	static
/workspaces/openbsw/libs/bsw/asyncFreeRtos/include/async/TaskContext.h:402:6:static void async::TaskContext<Binding>::staticTaskFunction(void*) [with Binding = async::FreeRtosAdapter<async::AsyncBinding>]	0	static
/workspaces/openbsw/executables/referenceApp/application/src/app/app.cpp:119:7:app::LifecycleMonitor::~LifecycleMonitor()	0	static
/workspaces/openbsw/libs/3rdparty/etl/include/etl/private/delegate_cpp11.h:631:36:) = getSystemTimeUs32Bit; TReturn = long unsigned int; TParams = {}]	0	static
/workspaces/openbsw/libs/3rdparty/etl/include/etl/private/delegate_cpp11.h:582:36:) = &async::RunnableExecutor<async::IRunnable, async::EventPolicy<async::TaskContext<async::FreeRtosAdapter<async::AsyncBinding> >, 0>, async::Lock>::handleEvent; TReturn = void; TParams = {}]	24	static
/workspaces/openbsw/executables/referenceApp/application/src/app/app.cpp:119:7:virtual app::LifecycleMonitor::~LifecycleMonitor()	8	static
/workspaces/openbsw/libs/bsw/lifecycle/include/lifecycle/LifecycleManager.h:158:7:lifecycle::declare::LifecycleManager<16, 8, 16>::~LifecycleManager()	24	static
/workspaces/openbsw/libs/bsw/lifecycle/include/lifecycle/LifecycleManager.h:158:7:virtual lifecycle::declare::LifecycleManager<16, 8, 16>::~LifecycleManager()	24	static
/workspaces/openbsw/libs/bsw/lifecycle/include/lifecycle/LifecycleManager.h:158:7:virtual void* lifecycle::declare::LifecycleManager<16, 8, 16>::_ZThn4_N9lifecycle7declare16LifecycleManagerILj16ELj8ELj16EED0Ev()	24	static
/workspaces/openbsw/libs/bsw/lifecycle/include/lifecycle/LifecycleManager.h:158:7:virtual void* lifecycle::declare::LifecycleManager<16, 8, 16>::_ZThn4_N9lifecycle7declare16LifecycleManagerILj16ELj8ELj16EED1Ev()	24	static
/workspaces/openbsw/libs/bsw/util/include/util/logger/Logger.h:186:13:)	20	static
/workspaces/openbsw/executables/referenceApp/application/src/app/app.cpp:157:10:virtual void app::IdleHandler::execute()	8	static
/workspaces/openbsw/executables/referenceApp/application/src/app/app.cpp:191:6:void app::startApp()	24	static
/workspaces/openbsw/libs/3rdparty/etl/include/etl/private/delegate_cpp11.h:631:36:) = app::startApp; TReturn = void; TParams = {}]	0	static
/workspaces/openbsw/libs/3rdparty/etl/include/etl/array.h:87:9:etl::array<async::TaskContext<async::FreeRtosAdapter<async::AsyncBinding> >, 9>::array()	48	static
/workspaces/openbsw/libs/bsw/asyncFreeRtos/include/async/StaticRunnable.h:49:6:static void async::StaticRunnable<T>::run() [with T = async::internal::TaskInitializer<async::FreeRtosAdapter<async::AsyncBinding> >]	48	static
/workspaces/openbsw/executables/referenceApp/application/src/app/app.cpp:184:6:void app::run()	8	static
/workspaces/openbsw/libs/bsw/asyncFreeRtos/include/async/TaskContext.h:396:6:void async::TaskContext<Binding>::handleTimeout() [with Binding = async::FreeRtosAdapter<async::AsyncBinding>]	32	static
/workspaces/openbsw/libs/3rdparty/etl/include/etl/private/delegate_cpp11.h:582:36:) = &async::TaskContext<async::FreeRtosAdapter<async::AsyncBinding> >::handleTimeout; TReturn = void; TParams = {}]	8	static
/workspaces/openbsw/libs/3rdparty/etl/include/etl/private/delegate_cpp11.h:631:36:) = async::TaskContext<async::FreeRtosAdapter<async::AsyncBinding> >::defaultIdleFunction; TReturn = void; TParams = {async::TaskContext<async::FreeRtosAdapter<async::AsyncBinding> >&}]	32	static
/workspaces/openbsw/libs/bsw/lifecycle/include/lifecycle/LifecycleManager.h:97:17:virtual lifecycle::LifecycleManager::ComponentTransitionExecutor::~ComponentTransitionExecutor()	8	static
/workspaces/openbsw/libs/bsw/asyncFreeRtos/include/async/TaskContext.h:342:6:void async::TaskContext<Binding>::dispatch() [with Binding = async::FreeRtosAdapter<async::AsyncBinding>]	48	static
/workspaces/openbsw/libs/3rdparty/etl/include/etl/private/delegate_cpp11.h:631:36:) = async::TaskContext<async::FreeRtosAdapter<async::AsyncBinding> >::defaultTaskFunction; TReturn = void; TParams = {async::TaskContext<async::FreeRtosAdapter<async::AsyncBinding> >&}]	8	static
/workspaces/openbsw/executables/referenceApp/application/src/app/app.cpp:296:1:cpp)	80	static
/workspaces/openbsw/executables/referenceApp/application/src/app/app.cpp:296:1:cpp)	8	static
