/workspaces/openbsw/libs/bsw/uds/src/uds/connection/NestedDiagRequest.cpp:115:10:virtual uint16_t uds::NestedDiagRequest::getStoredRequestLength(const etl::span<const unsigned char>&) const	0	static
/workspaces/openbsw/libs/bsw/uds/src/uds/connection/NestedDiagRequest.cpp:126:6:virtual void uds::NestedDiagRequest::handleOverflow()	0	static
/workspaces/openbsw/libs/bsw/uds/src/uds/connection/NestedDiagRequest.cpp:128:6:virtual void uds::NestedDiagRequest::handleNestedResponseCode(uds::DiagReturnCode::Type)	0	static
/workspaces/openbsw/libs/bsw/uds/src/uds/connection/NestedDiagRequest.cpp:120:6:virtual void uds::NestedDiagRequest::storeRequest(const etl::span<const unsigned char>&, etl::span<unsigned char>) const	0	static
/workspaces/openbsw/libs/bsw/uds/src/uds/connection/NestedDiagRequest.cpp:11:1:uds::NestedDiagRequest::NestedDiagRequest(uint8_t)	4	static
/workspaces/openbsw/libs/bsw/uds/src/uds/connection/NestedDiagRequest.cpp:25:6:void uds::NestedDiagRequest::init(uds::AbstractDiagJob&, const etl::span<unsigned char>&, const etl::span<const unsigned char>&)	24	static
/workspaces/openbsw/libs/bsw/uds/src/uds/connection/NestedDiagRequest.cpp:48:6:bool uds::NestedDiagRequest::prepareNextRequest()	32	static
/workspaces/openbsw/libs/bsw/uds/src/uds/connection/NestedDiagRequest.cpp:58:22:uds::DiagReturnCode::Type uds::NestedDiagRequest::processNextRequest(uds::IncomingDiagConnection&)	4	static
/workspaces/openbsw/libs/bsw/uds/src/uds/connection/NestedDiagRequest.cpp:66:6:void uds::NestedDiagRequest::handleNegativeResponseCode(uds::DiagReturnCode::Type)	8	static
/workspaces/openbsw/libs/bsw/uds/src/uds/connection/NestedDiagRequest.cpp:71:6:void uds::NestedDiagRequest::handleResponseOverflow()	0	static
/workspaces/openbsw/libs/bsw/uds/src/uds/connection/NestedDiagRequest.cpp:73:22:etl::span<unsigned char> uds::NestedDiagRequest::getResponseBuffer()	24	static
/workspaces/openbsw/libs/bsw/uds/src/uds/connection/NestedDiagRequest.cpp:87:10:uint16_t uds::NestedDiagRequest::getMaxNestedResponseLength() const	4	static
/workspaces/openbsw/libs/bsw/uds/src/uds/connection/NestedDiagRequest.cpp:93:6:void uds::NestedDiagRequest::setNestedResponseLength(uint16_t)	4	static
/workspaces/openbsw/libs/bsw/uds/src/uds/connection/NestedDiagRequest.cpp:101:6:void uds::NestedDiagRequest::addIdentifier()	0	static
/workspaces/openbsw/libs/bsw/uds/src/uds/connection/NestedDiagRequest.cpp:103:9:uint8_t uds::NestedDiagRequest::getIdentifier(uint16_t) const	0	static
/workspaces/openbsw/libs/bsw/uds/src/uds/connection/NestedDiagRequest.cpp:133:28:etl::span<const unsigned char> uds::NestedDiagRequest::consumeStoredRequest(uint16_t)	4	static
