/workspaces/openbsw/libs/bsw/uds/src/uds/connection/PositiveResponse.cpp:13:6:void uds::PositiveResponse::init(uint8_t*, size_t)	0	static
/workspaces/openbsw/libs/bsw/uds/src/uds/connection/PositiveResponse.cpp:21:6:void uds::PositiveResponse::reset()	0	static
/workspaces/openbsw/libs/bsw/uds/src/uds/connection/PositiveResponse.cpp:28:6:bool uds::PositiveResponse::appendUint8(uint8_t)	0	static
/workspaces/openbsw/libs/bsw/uds/src/uds/connection/PositiveResponse.cpp:48:8:size_t uds::PositiveResponse::appendData(const uint8_t*, size_t)	8	static
/workspaces/openbsw/libs/bsw/uds/src/uds/connection/PositiveResponse.cpp:30:6:bool uds::PositiveResponse::appendUint16(uint16_t)	16	static
/workspaces/openbsw/libs/bsw/uds/src/uds/connection/PositiveResponse.cpp:36:6:bool uds::PositiveResponse::appendUint24(uint32_t)	24	static
/workspaces/openbsw/libs/bsw/uds/src/uds/connection/PositiveResponse.cpp:42:6:bool uds::PositiveResponse::appendUint32(uint32_t)	16	static
/workspaces/openbsw/libs/bsw/uds/src/uds/connection/PositiveResponse.cpp:62:8:size_t uds::PositiveResponse::getMaximumLength() const	0	static
/workspaces/openbsw/libs/bsw/uds/src/uds/connection/PositiveResponse.cpp:64:8:size_t uds::PositiveResponse::getLength() const	4	static
/workspaces/openbsw/libs/bsw/uds/src/uds/connection/PositiveResponse.cpp:70:10:uint8_t* uds::PositiveResponse::getData()	0	static
/workspaces/openbsw/libs/bsw/uds/src/uds/connection/PositiveResponse.cpp:72:8:size_t uds::PositiveResponse::getAvailableDataLength() const	0	static
/workspaces/openbsw/libs/bsw/uds/src/uds/connection/PositiveResponse.cpp:74:8:size_t uds::PositiveResponse::increaseDataLength(size_t)	8	static
