/workspaces/openbsw/libs/bsw/util/src/util/command/CommandContext.cpp:154:6:virtual void util::command::CommandContext::releaseContinuousUser(util::stream::ISharedOutputStream::IContinuousUser&)	0	static
/workspaces/openbsw/libs/bsw/util/src/util/command/CommandContext.cpp:130:16:virtual util::stream::IOutputStream& util::command::CommandContext::startOutput(util::stream::ISharedOutputStream::IContinuousUser*)	16	static
/workspaces/openbsw/libs/bsw/util/src/util/command/CommandContext.cpp:141:6:virtual void util::command::CommandContext::endOutput(util::stream::ISharedOutputStream::IContinuousUser*)	8	static
/workspaces/openbsw/libs/bsw/util/src/util/command/CommandContext.cpp:12:1:util::command::CommandContext::CommandContext(const util::string::ConstString&, util::stream::ISharedOutputStream*)	4	static
/workspaces/openbsw/libs/bsw/util/src/util/command/CommandContext.cpp:26:6:bool util::command::CommandContext::hasToken() const	0	static
/workspaces/openbsw/libs/bsw/util/src/util/command/CommandContext.cpp:107:6:bool util::command::CommandContext::checkEol()	0	static
/workspaces/openbsw/libs/bsw/util/src/util/command/CommandContext.cpp:112:6:bool util::command::CommandContext::check(bool, util::command::ICommand::Result)	0	static
/workspaces/openbsw/libs/bsw/util/src/util/command/CommandContext.cpp:121:18:util::command::ICommand::Result util::command::CommandContext::getResult() const	0	static
/workspaces/openbsw/libs/bsw/util/src/util/command/CommandContext.cpp:123:13:util::string::ConstString util::command::CommandContext::getSuffix() const	0	static
/workspaces/openbsw/libs/bsw/util/src/util/command/CommandContext.cpp:156:6:bool util::command::CommandContext::isValid() const	0	static
/workspaces/openbsw/libs/bsw/util/src/util/command/CommandContext.cpp:158:6:bool util::command::CommandContext::ignoreWhitespace()	8	static
/workspaces/openbsw/libs/bsw/util/src/util/command/CommandContext.cpp:28:13:util::string::ConstString util::command::CommandContext::scanToken()	24	static
/workspaces/openbsw/libs/bsw/util/src/util/command/CommandContext.cpp:49:13:util::string::ConstString util::command::CommandContext::scanIdentifierToken()	24	static
/workspaces/openbsw/libs/bsw/util/src/util/command/CommandContext.cpp:70:22:etl::span<unsigned char> util::command::CommandContext::scanByteBufferToken(const etl::span<unsigned char>&)	32	static
/workspaces/openbsw/libs/bsw/util/src/util/command/CommandContext.cpp:169:6:static bool util::command::CommandContext::isWhitespace(char)	0	static
/workspaces/openbsw/libs/bsw/util/src/util/command/CommandContext.cpp:188:6:static bool util::command::CommandContext::isIdentifierChar(char, bool)	0	static
/workspaces/openbsw/libs/bsw/util/src/util/command/CommandContext.cpp:203:9:static int32_t util::command::CommandContext::getDigit(char, uint32_t)	0	static
