/workspaces/openbsw/libs/bsw/transport/src/AbstractTransportLayer.cpp:19:35:virtual transport::AbstractTransportLayer::ErrorCode transport::AbstractTransportLayer::init()	0	static
/workspaces/openbsw/libs/bsw/transport/src/AbstractTransportLayer.cpp:22:6:virtual bool transport::AbstractTransportLayer::shutdown(ShutdownDelegate)	8	static
/workspaces/openbsw/libs/bsw/transport/src/AbstractTransportLayer.cpp:90:6:virtual void transport::AbstractTransportLayer::TransportMessageProvidingListenerHelper::dump()	0	static
/workspaces/openbsw/libs/bsw/transport/include/transport/AbstractTransportLayer.h:172:14:virtual void transport::AbstractTransportLayer::TransportMessageProvidingListenerHelper::_ZThn4_N9transport22AbstractTransportLayer39TransportMessageProvidingListenerHelper4dumpEv()	0	static
/workspaces/openbsw/libs/bsw/transport/src/AbstractTransportLayer.cpp:60:6:virtual void transport::AbstractTransportLayer::TransportMessageProvidingListenerHelper::releaseTransportMessage(transport::TransportMessage&)	0	static
/workspaces/openbsw/libs/bsw/transport/include/transport/AbstractTransportLayer.h:162:14:virtual void transport::AbstractTransportLayer::TransportMessageProvidingListenerHelper::_ZThn4_N9transport22AbstractTransportLayer39TransportMessageProvidingListenerHelper23releaseTransportMessageERNS_16TransportMessageE(transport::TransportMessage&)	0	static
/workspaces/openbsw/libs/bsw/util/include/util/logger/Logger.h:196:13:)	20	static
/workspaces/openbsw/libs/bsw/transport/src/AbstractTransportLayer.cpp:71:1:virtual transport::ITransportMessageListener::ReceiveResult transport::AbstractTransportLayer::TransportMessageProvidingListenerHelper::messageReceived(uint8_t, transport::TransportMessage&, transport::ITransportMessageProcessedListener*)	8	static
/workspaces/openbsw/libs/bsw/transport/src/AbstractTransportLayer.cpp:37:1:virtual transport::ITransportMessageProvider::ErrorCode transport::AbstractTransportLayer::TransportMessageProvidingListenerHelper::getTransportMessage(uint8_t, uint16_t, uint16_t, uint16_t, const etl::span<const unsigned char>&, transport::TransportMessage*&)	24	static
/workspaces/openbsw/libs/bsw/transport/include/transport/AbstractTransportLayer.h:151:55:virtual transport::ITransportMessageProvider::ErrorCode transport::AbstractTransportLayer::TransportMessageProvidingListenerHelper::_ZThn4_N9transport22AbstractTransportLayer39TransportMessageProvidingListenerHelper19getTransportMessageEhtttRKN3etl4spanIKhLj4294967295EEERPNS_16TransportMessageE(uint8_t, uint16_t, uint16_t, uint16_t, const etl::span<const unsigned char>&, transport::TransportMessage*&)	24	static
/workspaces/openbsw/libs/bsw/transport/src/AbstractTransportLayer.cpp:14:1:transport::AbstractTransportLayer::AbstractTransportLayer(uint8_t)	4	static
/workspaces/openbsw/libs/bsw/transport/src/AbstractTransportLayer.cpp:30:1:transport::AbstractTransportLayer::TransportMessageProvidingListenerHelper::TransportMessageProvidingListenerHelper(uint8_t)	4	static
