/workspaces/openbsw/libs/bsw/util/include/util/logger/Logger.h:206:13:)	20	static
/workspaces/openbsw/libs/bsw/transport/src/TransportMessage.cpp:18:1:transport::TransportMessage::TransportMessage()	0	static
/workspaces/openbsw/libs/bsw/transport/src/TransportMessage.cpp:27:1:transport::TransportMessage::TransportMessage(uint8_t*, uint32_t)	4	static
/workspaces/openbsw/libs/bsw/transport/src/TransportMessage.cpp:36:6:void transport::TransportMessage::init(uint8_t*, uint32_t)	8	static
/workspaces/openbsw/libs/bsw/transport/src/TransportMessage.cpp:70:6:void transport::TransportMessage::setPayloadLength(uint16_t)	8	static
/workspaces/openbsw/libs/bsw/transport/src/TransportMessage.cpp:110:29:transport::TransportMessage::ErrorCode transport::TransportMessage::increaseValidBytes(uint16_t)	8	static
/workspaces/openbsw/libs/bsw/transport/src/TransportMessage.cpp:99:29:transport::TransportMessage::ErrorCode transport::TransportMessage::append(uint8_t)	8	static
/workspaces/openbsw/libs/bsw/transport/src/TransportMessage.cpp:55:6:void transport::TransportMessage::setServiceId(uint8_t)	8	static
/workspaces/openbsw/libs/bsw/transport/src/TransportMessage.cpp:86:1:transport::TransportMessage::ErrorCode transport::TransportMessage::append(const uint8_t*, uint16_t)	16	static
/workspaces/openbsw/libs/bsw/transport/src/TransportMessage.cpp:127:6:bool transport::TransportMessage::operator==(const transport::TransportMessage&) const	8	static
/workspaces/openbsw/libs/bsw/transport/src/TransportMessage.cpp:147:6:void transport::TransportMessage::setDataProgressListener(transport::IDataProgressListener&)	0	static
/workspaces/openbsw/libs/bsw/transport/src/TransportMessage.cpp:152:6:bool transport::TransportMessage::isDataProgressListener(const transport::IDataProgressListener&) const	0	static
/workspaces/openbsw/libs/bsw/transport/src/TransportMessage.cpp:157:6:void transport::TransportMessage::removeDataProgressListener()	0	static
/workspaces/openbsw/libs/bsw/transport/src/TransportMessage.cpp:159:6:void transport::TransportMessage::notifyDataProgressListener(uint32_t)	4	static
