/workspaces/openbsw/libs/3rdparty/etl/include/etl/private/delegate_cpp11.h:582:36:) = &async::RunnableExecutor<async::IRunnable, async::EventPolicy<async::TaskContext<async::FreeRtosAdapter<async::AsyncBinding> >, 0>, async::Lock>::handleEvent; TReturn = void; TParams = {}]	24	static
/workspaces/openbsw/libs/3rdparty/etl/include/etl/private/delegate_cpp11.h:582:36:) = &async::TaskContext<async::FreeRtosAdapter<async::AsyncBinding> >::handleTimeout; TReturn = void; TParams = {}]	32	static
/workspaces/openbsw/libs/bsw/asyncFreeRtos/src/async/Hook.cpp:17:6:void asyncInitialized()	8	static
/workspaces/openbsw/libs/bsw/asyncFreeRtos/src/async/Hook.cpp:19:13:const void* asyncGetTaskConfig(size_t)	8	static
/workspaces/openbsw/libs/bsw/asyncFreeRtos/src/async/Hook.cpp:21:6:void asyncEnterTask(size_t)	24	static
/workspaces/openbsw/libs/bsw/asyncFreeRtos/src/async/Hook.cpp:23:6:void asyncLeaveTask(size_t)	24	static
/workspaces/openbsw/libs/bsw/asyncFreeRtos/src/async/Hook.cpp:25:6:void asyncEnterIsrGroup(size_t)	24	static
/workspaces/openbsw/libs/bsw/asyncFreeRtos/src/async/Hook.cpp:31:6:void asyncLeaveIsrGroup(size_t)	32	static
/workspaces/openbsw/libs/3rdparty/etl/include/etl/array.h:87:9:etl::array<async::TaskContext<async::FreeRtosAdapter<async::AsyncBinding> >, 9>::array()	48	static
/workspaces/openbsw/libs/bsw/asyncFreeRtos/src/async/Hook.cpp:46:1:cpp)	8	static
/workspaces/openbsw/libs/bsw/asyncFreeRtos/src/async/Hook.cpp:46:1:cpp)	4	static
