/workspaces/openbsw/libs/bsw/async/include/async/util/Call.h:52:6:void async::Call<T>::execute() [with T = etl::delegate<void()>]	0	static
/workspaces/openbsw/libs/bsw/async/include/async/util/Call.h:52:6:void async::Call<T>::execute() [with T = etl::closure<void(unsigned char, uds::AbstractDiagJob*)>]	0	static
/workspaces/openbsw/libs/bsw/async/include/async/util/Call.h:52:6:void async::Call<T>::execute() [with T = etl::closure<void(short unsigned int, uds::AbstractDiagJob*)>]	0	static
/workspaces/openbsw/libs/bsw/async/include/async/util/Call.h:52:6:void async::Call<T>::execute() [with T = etl::closure<void(transport::TransportMessage*, transport::ITransportMessageProcessedListener::ProcessingResult)>]	0	static
/workspaces/openbsw/libs/bsw/uds/include/uds/connection/IncomingDiagConnection.h:267:14:virtual void uds::IncomingDiagConnection::Timeout::execute()	0	static
/workspaces/openbsw/libs/3rdparty/etl/include/etl/private/delegate_cpp11.h:582:36:) = &uds::IncomingDiagConnection::asyncTransportMessageProcessed; TReturn = void; TParams = {transport::TransportMessage*, transport::ITransportMessageProcessedListener::ProcessingResult}]	0	static
/workspaces/openbsw/libs/3rdparty/etl/include/etl/private/delegate_cpp11.h:582:36:) = &uds::IncomingDiagConnection::asyncSendPositiveResponse; TReturn = void; TParams = {short unsigned int, uds::AbstractDiagJob*}]	0	static
/workspaces/openbsw/libs/3rdparty/etl/include/etl/private/delegate_cpp11.h:582:36:) = &uds::IncomingDiagConnection::asyncSendNegativeResponse; TReturn = void; TParams = {unsigned char, uds::AbstractDiagJob*}]	0	static
/workspaces/openbsw/libs/3rdparty/etl/include/etl/private/delegate_cpp11.h:582:36:) = &uds::IncomingDiagConnection::triggerNextNestedRequest; TReturn = void; TParams = {}]	0	static
/workspaces/openbsw/libs/bsw/uds/include/uds/DiagnosisConfiguration.h:108:29:uds::IncomingDiagConnection* uds::AbstractDiagnosisConfiguration::acquireIncomingDiagConnection()	24	static
/workspaces/openbsw/libs/bsw/util/include/util/logger/Logger.h:191:13:)	20	static
/workspaces/openbsw/libs/bsw/util/include/util/logger/Logger.h:196:13:)	20	static
/workspaces/openbsw/libs/bsw/util/include/util/logger/Logger.h:201:13:)	20	static
/workspaces/openbsw/libs/bsw/uds/src/uds/connection/DiagConnectionManager.cpp:290:6:0()	24	static
/workspaces/openbsw/libs/bsw/uds/src/uds/connection/DiagConnectionManager.cpp:31:1:uds::DiagConnectionManager::DiagConnectionManager(uds::AbstractDiagnosisConfiguration&, transport::AbstractTransportLayer&, transport::ITransportMessageProvider&, async::ContextType, uds::DiagDispatcher2&)	0	static
/workspaces/openbsw/libs/bsw/uds/src/uds/connection/DiagConnectionManager.cpp:47:6:void uds::DiagConnectionManager::diagConnectionTerminated(uds::IncomingDiagConnection&)	24	static
/workspaces/openbsw/libs/bsw/uds/src/uds/connection/DiagConnectionManager.cpp:75:6:void uds::DiagConnectionManager::diagConnectionTerminated(uds::ManagedOutgoingDiagConnection&)	16	static
/workspaces/openbsw/libs/bsw/uds/src/uds/connection/DiagConnectionManager.cpp:91:44:uds::IOutgoingDiagConnectionProvider::ErrorCode uds::DiagConnectionManager::requestOutgoingConnection(uint16_t, uds::OutgoingDiagConnection*&, transport::TransportMessage*)	64	static
/workspaces/openbsw/libs/bsw/uds/src/uds/connection/DiagConnectionManager.cpp:180:1:uds::IncomingDiagConnection* uds::DiagConnectionManager::requestIncomingConnection(transport::TransportMessage&)	32	static
/workspaces/openbsw/libs/bsw/uds/src/uds/connection/DiagConnectionManager.cpp:217:1:uds::ManagedOutgoingDiagConnection* uds::DiagConnectionManager::getExpectingConnection(const transport::TransportMessage&)	64	static
/workspaces/openbsw/libs/bsw/uds/src/uds/connection/DiagConnectionManager.cpp:246:6:bool uds::DiagConnectionManager::hasConflictingConnection(const uds::OutgoingDiagConnection&)	24	static
/workspaces/openbsw/libs/bsw/uds/src/uds/connection/DiagConnectionManager.cpp:261:6:void uds::DiagConnectionManager::processPendingResponses()	16	static
/workspaces/openbsw/libs/bsw/uds/src/uds/connection/DiagConnectionManager.cpp:272:6:void uds::DiagConnectionManager::triggerResponseProcessing()	0	static
/workspaces/openbsw/libs/bsw/uds/src/uds/connection/DiagConnectionManager.cpp:274:6:bool uds::DiagConnectionManager::isPendingActivated() const	0	static
/workspaces/openbsw/libs/bsw/uds/src/uds/connection/DiagConnectionManager.cpp:279:10:uint16_t uds::DiagConnectionManager::getSourceDiagId() const	0	static
/workspaces/openbsw/libs/bsw/uds/src/uds/connection/DiagConnectionManager.cpp:281:9:uint8_t uds::DiagConnectionManager::getBusId() const	0	static
/workspaces/openbsw/libs/bsw/uds/src/uds/connection/DiagConnectionManager.cpp:283:6:void uds::DiagConnectionManager::shutdown(etl::delegate<void()>)	8	static
/workspaces/openbsw/libs/bsw/uds/src/uds/connection/DiagConnectionManager.cpp:290:6:void uds::DiagConnectionManager::checkShutdownProgress()	0	static
