/workspaces/openbsw/libs/bsw/uds/include/uds/connection/IncomingDiagConnection.h:50:13:uds::IncomingDiagConnection::~IncomingDiagConnection()	0	static
/workspaces/openbsw/libs/bsw/uds/src/uds/connection/IncomingDiagConnection.cpp:414:6:virtual void uds::IncomingDiagConnection::transportMessageProcessed(transport::TransportMessage&, transport::ITransportMessageProcessedListener::ProcessingResult)	4	static
/workspaces/openbsw/libs/bsw/uds/include/uds/connection/IncomingDiagConnection.h:50:13:virtual uds::IncomingDiagConnection::~IncomingDiagConnection()	8	static
/workspaces/openbsw/libs/bsw/util/include/util/logger/Logger.h:191:13:)	20	static
/workspaces/openbsw/libs/bsw/util/include/util/logger/Logger.h:201:13:)	20	static
/workspaces/openbsw/libs/bsw/util/include/util/logger/Logger.h:206:13:)	20	static
/workspaces/openbsw/libs/bsw/uds/src/uds/connection/IncomingDiagConnection.cpp:30:6:void uds::IncomingDiagConnection::addIdentifier()	8	static
/workspaces/openbsw/libs/bsw/uds/src/uds/connection/IncomingDiagConnection.cpp:47:10:uint16_t uds::IncomingDiagConnection::getNumIdentifiers() const	0	static
/workspaces/openbsw/libs/bsw/uds/src/uds/connection/IncomingDiagConnection.cpp:49:9:uint8_t uds::IncomingDiagConnection::getIdentifier(uint16_t) const	8	static
/workspaces/openbsw/libs/bsw/uds/src/uds/connection/IncomingDiagConnection.cpp:74:1:uds::ErrorCode uds::IncomingDiagConnection::sendPositiveResponseInternal(uint16_t, uds::AbstractDiagJob&)	8	static
/workspaces/openbsw/libs/bsw/uds/src/uds/connection/IncomingDiagConnection.cpp:170:6:void uds::IncomingDiagConnection::disableResponseTimeout()	0	static
/workspaces/openbsw/libs/bsw/uds/src/uds/connection/IncomingDiagConnection.cpp:175:6:void uds::IncomingDiagConnection::disableGlobalTimeout()	0	static
/workspaces/openbsw/libs/bsw/uds/src/uds/connection/IncomingDiagConnection.cpp:201:18:uds::ErrorCode uds::IncomingDiagConnection::sendResponse()	8	static
/workspaces/openbsw/libs/bsw/uds/src/uds/connection/IncomingDiagConnection.cpp:498:10:uint16_t uds::IncomingDiagConnection::getMaximumResponseLength() const	0	static
/workspaces/openbsw/libs/bsw/uds/src/uds/connection/IncomingDiagConnection.cpp:510:19:uds::PositiveResponse& uds::IncomingDiagConnection::releaseRequestGetResponse()	24	static
/workspaces/openbsw/libs/bsw/uds/src/uds/connection/IncomingDiagConnection.cpp:64:18:uds::ErrorCode uds::IncomingDiagConnection::sendPositiveResponse(uds::AbstractDiagJob&)	16	static
/workspaces/openbsw/libs/bsw/uds/src/uds/connection/IncomingDiagConnection.cpp:247:1:uds::ErrorCode uds::IncomingDiagConnection::sendNegativeResponse(uint8_t, uds::AbstractDiagJob&)	16	static
/workspaces/openbsw/libs/bsw/uds/src/uds/connection/IncomingDiagConnection.cpp:398:6:void uds::IncomingDiagConnection::endNestedRequest()	16	static
/workspaces/openbsw/libs/bsw/uds/src/uds/connection/IncomingDiagConnection.cpp:226:6:bool uds::IncomingDiagConnection::terminateNestedRequest()	8	static
/workspaces/openbsw/libs/bsw/uds/src/uds/connection/IncomingDiagConnection.cpp:379:6:void uds::IncomingDiagConnection::triggerNextNestedRequest()	16	static
/workspaces/openbsw/libs/bsw/uds/src/uds/connection/IncomingDiagConnection.cpp:180:22:uds::DiagReturnCode::Type uds::IncomingDiagConnection::startNestedRequest(uds::AbstractDiagJob&, uds::NestedDiagRequest&, const uint8_t*, uint16_t)	48	static
/workspaces/openbsw/libs/bsw/uds/src/uds/connection/IncomingDiagConnection.cpp:666:6:virtual void uds::IncomingDiagConnection::terminate()	24	static
/workspaces/openbsw/libs/bsw/uds/src/uds/connection/IncomingDiagConnection.cpp:561:6:void uds::IncomingDiagConnection::restartPendingTimeout()	24	static
/workspaces/openbsw/libs/bsw/uds/src/uds/connection/IncomingDiagConnection.cpp:610:6:void uds::IncomingDiagConnection::setSourceId(transport::TransportMessage&) const	16	static
/workspaces/openbsw/libs/bsw/uds/src/uds/connection/IncomingDiagConnection.cpp:575:6:void uds::IncomingDiagConnection::sendResponsePending()	16	static
/workspaces/openbsw/libs/bsw/uds/src/uds/connection/IncomingDiagConnection.cpp:427:6:void uds::IncomingDiagConnection::asyncTransportMessageProcessed(transport::TransportMessage*, transport::ITransportMessageProcessedListener::ProcessingResult)	24	static
/workspaces/openbsw/libs/3rdparty/etl/include/etl/private/delegate_cpp11.h:582:36:) = &uds::IncomingDiagConnection::asyncTransportMessageProcessed; TReturn = void; TParams = {transport::TransportMessage*, transport::ITransportMessageProcessedListener::ProcessingResult}]	0	static
/workspaces/openbsw/libs/bsw/uds/src/uds/connection/IncomingDiagConnection.cpp:535:6:void uds::IncomingDiagConnection::expired(const async::RunnableType&)	24	static
/workspaces/openbsw/libs/bsw/uds/src/uds/connection/IncomingDiagConnection.cpp:286:6:void uds::IncomingDiagConnection::asyncSendNegativeResponse(uint8_t, uds::AbstractDiagJob*)	32	static
/workspaces/openbsw/libs/3rdparty/etl/include/etl/private/delegate_cpp11.h:582:36:) = &uds::IncomingDiagConnection::asyncSendNegativeResponse; TReturn = void; TParams = {unsigned char, uds::AbstractDiagJob*}]	0	static
/workspaces/openbsw/libs/bsw/uds/src/uds/connection/IncomingDiagConnection.cpp:108:6:void uds::IncomingDiagConnection::asyncSendPositiveResponse(uint16_t, uds::AbstractDiagJob*)	32	static
/workspaces/openbsw/libs/3rdparty/etl/include/etl/private/delegate_cpp11.h:582:36:) = &uds::IncomingDiagConnection::asyncSendPositiveResponse; TReturn = void; TParams = {short unsigned int, uds::AbstractDiagJob*}]	0	static
/workspaces/openbsw/libs/bsw/uds/src/uds/connection/IncomingDiagConnection.cpp:630:6:void uds::IncomingDiagConnection::open(bool)	24	static
