/workspaces/openbsw/executables/referenceApp/consoleCommands/src/lifecycle/console/StatisticsCommand.cpp:89:1:virtual const util::command::GroupCommand::PlainCommandInfo* lifecycle::StatisticsCommand::getInfo() const	0	static
/workspaces/openbsw/libs/bsw/runtime/include/runtime/StatisticsContainer.h:40:27:const Statistics& runtime::StatisticsContainer<Statistics, Entry>::Iterator::getValue(size_t) [with Statistics = runtime::RuntimeStatistics; Entry = runtime::RuntimeStatistics]	0	static
/workspaces/openbsw/libs/3rdparty/etl/include/etl/private/delegate_cpp11.h:582:36:) = &async::RunnableExecutor<async::IRunnable, async::EventPolicy<async::TaskContext<async::FreeRtosAdapter<async::AsyncBinding> >, 0>, async::Lock>::handleEvent; TReturn = void; TParams = {}]	24	static
/workspaces/openbsw/libs/3rdparty/etl/include/etl/private/delegate_cpp11.h:631:36:) = {anonymous}::format; TReturn = void; TParams = {runtime::StatisticsWriter&, const runtime::RuntimeStatistics&}]	16	static
/workspaces/openbsw/libs/3rdparty/etl/include/etl/private/delegate_cpp11.h:582:36:) = &async::TaskContext<async::FreeRtosAdapter<async::AsyncBinding> >::handleTimeout; TReturn = void; TParams = {}]	32	static
/workspaces/openbsw/executables/referenceApp/consoleCommands/src/lifecycle/console/StatisticsCommand.cpp:60:6:void {anonymous}::printStack(util::command::CommandContext&, async::AsyncBinding::RuntimeMonitorType&)	56	static
/workspaces/openbsw/executables/referenceApp/consoleCommands/src/lifecycle/console/StatisticsCommand.cpp:95:1:lifecycle::StatisticsCommand::StatisticsCommand(async::AsyncBinding::RuntimeMonitorType&)	16	static
/workspaces/openbsw/executables/referenceApp/consoleCommands/src/lifecycle/console/StatisticsCommand.cpp:103:6:void lifecycle::StatisticsCommand::setTicksPerUs(uint32_t)	0	static
/workspaces/openbsw/executables/referenceApp/consoleCommands/src/lifecycle/console/StatisticsCommand.cpp:105:6:void lifecycle::StatisticsCommand::cyclic_1000ms()	32	static
/workspaces/openbsw/libs/3rdparty/etl/include/etl/array.h:87:9:etl::array<async::TaskContext<async::FreeRtosAdapter<async::AsyncBinding> >, 9>::array()	48	static
/workspaces/openbsw/libs/bsw/runtime/include/runtime/StatisticsWriter.h:97:6:void runtime::StatisticsWriter::formatStatisticsGroup(typename FormatStatistics<typename StatisticsIterator::StatisticsType>::Type, const char*, uint32_t, StatisticsIterator) [with StatisticsIterator = runtime::StatisticsContainer<runtime::RuntimeStatistics, runtime::RuntimeStatistics>::Iterator]	72	static
/workspaces/openbsw/executables/referenceApp/consoleCommands/src/lifecycle/console/StatisticsCommand.cpp:23:6:void {anonymous}::printCpu(util::command::CommandContext&, const T&, const I&, const etl::optional<long unsigned int>&, uint32_t) [with T = runtime::declare::StatisticsContainer<runtime::RuntimeStatistics, 10>; I = runtime::declare::StatisticsContainer<runtime::RuntimeStatistics, 3>]	112	static
/workspaces/openbsw/executables/referenceApp/consoleCommands/src/lifecycle/console/StatisticsCommand.cpp:113:6:virtual void lifecycle::StatisticsCommand::executeCommand(util::command::CommandContext&, uint8_t)	16	static
/workspaces/openbsw/executables/referenceApp/consoleCommands/src/lifecycle/console/StatisticsCommand.cpp:140:1:cpp)	8	static
/workspaces/openbsw/executables/referenceApp/consoleCommands/src/lifecycle/console/StatisticsCommand.cpp:140:1:cpp)	4	static
