/workspaces/openbsw/libs/bsw/util/src/util/logger/StderrLogger.cpp:42:6:virtual bool util::logger::StderrLogger::isEnabled(uint8_t, util::logger::Level) const	0	static
/workspaces/openbsw/libs/bsw/util/src/util/logger/StderrLogger.cpp:47:7:virtual util::logger::Level util::logger::StderrLogger::getLevel(uint8_t) const	0	static
/workspaces/openbsw/libs/bsw/util/src/util/logger/StderrLogger.cpp:52:11:virtual util::logger::LevelInfo util::logger::StderrLogger::getLevelInfo(util::logger::Level) const	8	static
/workspaces/openbsw/libs/bsw/util/src/util/logger/StderrLogger.cpp:57:15:virtual util::logger::ComponentInfo util::logger::StderrLogger::getComponentInfo(uint8_t) const	0	static
/workspaces/openbsw/libs/bsw/util/src/util/logger/StderrLogger.cpp:63:6:virtual void util::logger::StderrLogger::logOutput(const util::logger::ComponentInfo&, const util::logger::LevelInfo&, const char*, va_list)	40	static
/workspaces/openbsw/libs/bsw/util/src/util/logger/StderrLogger.cpp:16:1:util::logger::StderrLogger::~StderrLogger()	0	static
/workspaces/openbsw/libs/bsw/util/src/util/logger/StderrLogger.cpp:24:6:static void util::logger::StderrLogger::init()	4	static
/workspaces/openbsw/libs/bsw/util/src/util/logger/StderrLogger.cpp:33:6:static void util::logger::StderrLogger::shutdown()	8	static
/workspaces/openbsw/libs/bsw/util/src/util/logger/StderrLogger.cpp:72:6:void util::logger::StderrLogger::applyMapping()	0	static
/workspaces/openbsw/libs/bsw/util/src/util/logger/StderrLogger.cpp:80:6:void util::logger::StderrLogger::clearMapping()	0	static
/workspaces/openbsw/libs/bsw/util/src/util/logger/StderrLogger.cpp:88:1:util::logger::TestLoggingGuard::TestLoggingGuard()	8	static
/workspaces/openbsw/libs/bsw/util/src/util/logger/StderrLogger.cpp:90:1:util::logger::TestLoggingGuard::~TestLoggingGuard()	16	static
/workspaces/openbsw/libs/bsw/util/src/util/logger/StderrLogger.cpp:92:1:util::logger::LoggerComponentInfo::LoggerComponentInfo(uint8_t&, const char*, util::logger::Level)	16	static
/workspaces/openbsw/libs/bsw/util/src/util/logger/StderrLogger.cpp:99:10:uint8_t& util::logger::LoggerComponentInfo::getComponent()	0	static
/workspaces/openbsw/libs/bsw/util/src/util/logger/StderrLogger.cpp:101:15:util::logger::ComponentInfo util::logger::LoggerComponentInfo::getComponentInfo() const	0	static
/workspaces/openbsw/libs/bsw/util/src/util/logger/StderrLogger.cpp:106:7:util::logger::Level util::logger::LoggerComponentInfo::getLevel() const	0	static
