/workspaces/openbsw/libs/bsw/logger/include/logger/ComponentConfig.h:107:6:void logger::ComponentConfig<IndexUpperBound>::readLevels() [with unsigned char IndexUpperBound = 7]	0	static
/workspaces/openbsw/libs/bsw/logger/include/logger/ComponentConfig.h:111:6:void logger::ComponentConfig<IndexUpperBound>::writeLevels() [with unsigned char IndexUpperBound = 7]	0	static
/workspaces/openbsw/libs/bsw/logger/include/logger/ComponentConfig.h:60:9:uint8_t logger::ComponentConfig<IndexUpperBound>::getMappingSize() const [with unsigned char IndexUpperBound = 7]	0	static
/workspaces/openbsw/libs/bsw/logger/include/logger/ComponentMapping.h:82:6:bool logger::ComponentMapping<IndexUpperBound>::isEnabled(uint8_t, util::logger::Level) const [with unsigned char IndexUpperBound = 7]	0	static
/workspaces/openbsw/libs/bsw/logger/include/logger/ComponentMapping.h:92:1:util::logger::Level logger::ComponentMapping<IndexUpperBound>::getLevel(uint8_t) const [with unsigned char IndexUpperBound = 7]	0	static
/workspaces/openbsw/libs/bsw/logger/include/logger/ComponentMapping.h:101:1:util::logger::LevelInfo logger::ComponentMapping<IndexUpperBound>::getLevelInfo(util::logger::Level) const [with unsigned char IndexUpperBound = 7]	0	static
/workspaces/openbsw/libs/bsw/logger/include/logger/ComponentMapping.h:111:1:util::logger::ComponentInfo logger::ComponentMapping<IndexUpperBound>::getComponentInfo(uint8_t) const [with unsigned char IndexUpperBound = 7]	0	static
/workspaces/openbsw/libs/bsw/logger/include/logger/ComponentConfig.h:86:27:util::logger::LevelInfo logger::ComponentConfig<IndexUpperBound>::getLevelInfoByName(const util::string::ConstString&) const [with unsigned char IndexUpperBound = 7]	24	static
/workspaces/openbsw/libs/bsw/logger/include/logger/ComponentConfig.h:100:31:util::logger::ComponentInfo logger::ComponentConfig<IndexUpperBound>::getComponentInfoByName(const util::string::ConstString&) const [with unsigned char IndexUpperBound = 7]	32	static
/workspaces/openbsw/libs/bsw/logger/include/logger/ComponentConfig.h:72:6:void logger::ComponentConfig<IndexUpperBound>::setLevel(uint8_t, util::logger::Level) [with unsigned char IndexUpperBound = 7]	0	static
/workspaces/openbsw/libs/3rdparty/etl/include/etl/private/delegate_cpp11.h:582:36:) = &logger::ComponentConfig<7>::shutdown; TReturn = void; TParams = {}]	8	static
/workspaces/openbsw/libs/3rdparty/etl/include/etl/private/delegate_cpp11.h:582:36:) = &logger::ComponentConfig<7>::start; TReturn = void; TParams = {util::logger::ILoggerOutput&}]	24	static
/workspaces/openbsw/libs/bsw/logger/include/logger/ComponentConfig.h:66:23:util::logger::Level logger::ComponentConfig<IndexUpperBound>::getLevel(uint8_t) const [with unsigned char IndexUpperBound = 7]	4	static
/workspaces/openbsw/libs/bsw/logger/include/logger/ComponentConfig.h:94:1:util::logger::ComponentInfo logger::ComponentConfig<IndexUpperBound>::getComponentInfo(uint8_t) const [with unsigned char IndexUpperBound = 7]	16	static
/workspaces/openbsw/libs/bsw/logger/include/logger/ComponentConfig.h:80:1:util::logger::LevelInfo logger::ComponentConfig<IndexUpperBound>::getLevelInfo(util::logger::Level) const [with unsigned char IndexUpperBound = 7]	4	static
/workspaces/openbsw/libs/bsw/util/include/util/logger/Logger.h:186:13:)	20	static
/workspaces/openbsw/libs/bsw/util/include/util/logger/Logger.h:201:13:)	20	static
/workspaces/openbsw/executables/referenceApp/application/src/logger/logger.cpp:87:6:void logger::init()	16	static
/workspaces/openbsw/executables/referenceApp/application/src/logger/logger.cpp:94:6:void logger::run()	0	static
/workspaces/openbsw/executables/referenceApp/application/src/logger/logger.cpp:96:6:void logger::flush()	16	static
/workspaces/openbsw/executables/referenceApp/application/src/logger/logger.cpp:106:17:)	16	static
/workspaces/openbsw/executables/referenceApp/application/src/logger/logger.cpp:121:17:void logger::log_lwipError(const char*)	8	static
/workspaces/openbsw/executables/referenceApp/application/src/logger/logger.cpp:123:1:cpp)	24	static
/workspaces/openbsw/executables/referenceApp/application/src/logger/logger.cpp:123:1:cpp)	0	static
