/workspaces/openbsw/libs/3rdparty/etl/include/etl/private/delegate_cpp11.h:582:36:) = &async::RunnableExecutor<async::IRunnable, async::EventPolicy<async::TaskContext<async::FreeRtosAdapter<async::AsyncBinding> >, 0>, async::Lock>::handleEvent; TReturn = void; TParams = {}]	16	static
/workspaces/openbsw/libs/bsw/asyncFreeRtos/src/async/Async.cpp:9:6:void async::execute(ContextType, RunnableType&)	24	static
/workspaces/openbsw/libs/bsw/asyncFreeRtos/src/async/Async.cpp:38:6:void vApplicationIdleHook()	0	static
/workspaces/openbsw/libs/bsw/asyncFreeRtos/src/async/Async.cpp:40:6:void vApplicationGetIdleTaskMemory(StaticTask_t**, StackType_t**, uint32_t*)	16	static
/workspaces/openbsw/libs/bsw/asyncFreeRtos/src/async/Async.cpp:49:6:void vApplicationGetTimerTaskMemory(StaticTask_t**, StackType_t**, uint32_t*)	16	static
/workspaces/openbsw/libs/3rdparty/etl/include/etl/array.h:87:9:etl::array<async::TaskContext<async::FreeRtosAdapter<async::AsyncBinding> >, 9>::array()	20	static
/workspaces/openbsw/libs/bsw/timer/include/timer/Timer.h:189:6:bool timer::Timer<T>::addTimeout(timer::Timeout&, uint32_t, uint32_t, uint32_t) [with LockGuard = async::Lock]	24	static
/workspaces/openbsw/libs/bsw/asyncFreeRtos/src/async/Async.cpp:14:6:void async::schedule(ContextType, RunnableType&, TimeoutType&, uint32_t, TimeUnitType)	32	static
/workspaces/openbsw/libs/bsw/asyncFreeRtos/src/async/Async.cpp:24:6:void async::scheduleAtFixedRate(ContextType, RunnableType&, TimeoutType&, uint32_t, TimeUnitType)	32	static
/workspaces/openbsw/libs/3rdparty/etl/include/etl/private/delegate_cpp11.h:582:36:) = &async::TaskContext<async::FreeRtosAdapter<async::AsyncBinding> >::handleTimeout; TReturn = void; TParams = {}]	40	static
/workspaces/openbsw/libs/bsw/asyncFreeRtos/src/async/Async.cpp:58:1:cpp)	8	static
/workspaces/openbsw/libs/bsw/asyncFreeRtos/src/async/Async.cpp:58:1:cpp)	4	static
