/workspaces/openbsw/libs/bsw/asyncFreeRtos/src/async/Types.cpp:11:6:virtual void async::TimeoutType::expired()	0	static
/workspaces/openbsw/libs/3rdparty/etl/include/etl/private/delegate_cpp11.h:582:36:) = &async::RunnableExecutor<async::IRunnable, async::EventPolicy<async::TaskContext<async::FreeRtosAdapter<async::AsyncBinding> >, 0>, async::Lock>::handleEvent; TReturn = void; TParams = {}]	16	static
/workspaces/openbsw/libs/3rdparty/etl/include/etl/private/delegate_cpp11.h:582:36:) = &async::TaskContext<async::FreeRtosAdapter<async::AsyncBinding> >::handleTimeout; TReturn = void; TParams = {}]	40	static
/workspaces/openbsw/libs/bsw/asyncFreeRtos/src/async/Types.cpp:7:1:async::TimeoutType::TimeoutType()	0	static
/workspaces/openbsw/libs/bsw/asyncFreeRtos/src/async/Types.cpp:9:6:void async::TimeoutType::cancel()	12	static
/workspaces/openbsw/libs/3rdparty/etl/include/etl/array.h:87:9:etl::array<async::TaskContext<async::FreeRtosAdapter<async::AsyncBinding> >, 9>::array()	20	static
/workspaces/openbsw/libs/bsw/asyncFreeRtos/src/async/Types.cpp:20:1:cpp)	8	static
/workspaces/openbsw/libs/bsw/asyncFreeRtos/src/async/Types.cpp:20:1:cpp)	4	static
