/workspaces/openbsw/libs/bsw/util/src/util/stream/TaggedSharedOutputStream.cpp:89:6:virtual void util::stream::TaggedSharedOutputStream::endContinuousOutput(util::stream::IOutputStream&)	0	static
/workspaces/openbsw/libs/bsw/util/src/util/stream/TaggedSharedOutputStream.cpp:50:6:virtual void util::stream::TaggedSharedOutputStream::endOutput(util::stream::ISharedOutputStream::IContinuousUser*)	24	static
/workspaces/openbsw/libs/bsw/util/src/util/stream/TaggedSharedOutputStream.cpp:81:6:virtual void util::stream::TaggedSharedOutputStream::write(const etl::span<const unsigned char>&)	0	static
/workspaces/openbsw/libs/bsw/util/src/util/stream/TaggedSharedOutputStream.cpp:73:6:virtual void util::stream::TaggedSharedOutputStream::write(uint8_t)	24	static
/workspaces/openbsw/libs/bsw/util/include/util/stream/TaggedSharedOutputStream.h:43:10:virtual void util::stream::TaggedSharedOutputStream::_ZThn20_N4util6stream24TaggedSharedOutputStream19endContinuousOutputERNS0_13IOutputStreamE(util::stream::IOutputStream&)	0	static
/workspaces/openbsw/libs/bsw/util/src/util/stream/TaggedSharedOutputStream.cpp:35:1:virtual util::stream::IOutputStream& util::stream::TaggedSharedOutputStream::startOutput(util::stream::ISharedOutputStream::IContinuousUser*)	16	static
/workspaces/openbsw/libs/bsw/util/include/util/stream/TaggedSharedOutputStream.h:41:10:virtual void util::stream::TaggedSharedOutputStream::_ZThn16_N4util6stream24TaggedSharedOutputStream5writeERKN3etl4spanIKhLj4294967295EEE(const etl::span<const unsigned char>&)	0	static
/workspaces/openbsw/libs/bsw/util/include/util/stream/TaggedSharedOutputStream.h:40:10:virtual void util::stream::TaggedSharedOutputStream::_ZThn16_N4util6stream24TaggedSharedOutputStream5writeEh(uint8_t)	24	static
/workspaces/openbsw/libs/bsw/util/src/util/stream/TaggedSharedOutputStream.cpp:62:6:virtual void util::stream::TaggedSharedOutputStream::releaseContinuousUser(util::stream::ISharedOutputStream::IContinuousUser&)	8	static
/workspaces/openbsw/libs/bsw/util/src/util/stream/TaggedSharedOutputStream.cpp:71:6:virtual bool util::stream::TaggedSharedOutputStream::isEof() const	0	static
/workspaces/openbsw/libs/bsw/util/include/util/stream/TaggedSharedOutputStream.h:38:10:virtual bool util::stream::TaggedSharedOutputStream::_ZThn16_NK4util6stream24TaggedSharedOutputStream5isEofEv() const	0	static
/workspaces/openbsw/libs/bsw/util/src/util/stream/TaggedSharedOutputStream.cpp:11:1:util::stream::TaggedSharedOutputStream::TaggedSharedOutputStream(util::stream::ISharedOutputStream&, const char*, const char*, bool)	16	static
/workspaces/openbsw/libs/bsw/util/src/util/stream/TaggedSharedOutputStream.cpp:23:1:util::stream::TaggedSharedOutputStream::~TaggedSharedOutputStream()	16	static
/workspaces/openbsw/libs/bsw/util/src/util/stream/TaggedSharedOutputStream.cpp:25:6:void util::stream::TaggedSharedOutputStream::release()	16	static
