/workspaces/openbsw/libs/bsw/bsp/include/bsp/can/canTransceiver/CanPhy.h:62:13:virtual bool bios::CanPhyDummy::setMode(bios::CanPhy::Mode, uint32_t)	0	static
/workspaces/openbsw/libs/bsw/bsp/include/bsp/can/canTransceiver/CanPhy.h:68:31:virtual bios::CanPhy::ErrorCode bios::CanPhyDummy::getPhyErrorStatus(uint32_t)	0	static
/workspaces/openbsw/libs/bsw/cpp2can/include/can/transceiver/AbstractCANTransceiver.h:122:13:virtual uint8_t can::AbstractCANTransceiver::getBusId() const	0	static
/workspaces/openbsw/libs/bsw/cpp2can/include/can/transceiver/AbstractCANTransceiver.h:128:55:virtual can::ICANTransceiverStateListener::CANTransceiverState can::AbstractCANTransceiver::getCANTransceiverState() const	0	static
/workspaces/openbsw/libs/bsw/cpp2can/include/can/transceiver/AbstractCANTransceiver.h:138:10:virtual void can::AbstractCANTransceiver::setStateListener(can::ICANTransceiverStateListener&)	0	static
/workspaces/openbsw/libs/bsw/cpp2can/include/can/transceiver/AbstractCANTransceiver.h:143:10:virtual void can::AbstractCANTransceiver::removeStateListener()	0	static
/workspaces/openbsw/libs/bsw/cpp2can/include/can/transceiver/AbstractCANTransceiver.h:191:31:virtual can::ICanTransceiver::State can::AbstractCANTransceiver::getState() const	0	static
/workspaces/openbsw/platforms/s32k1xx/bsp/canflex2Transceiver/include/can/transceiver/canflex2/CanFlex2Transceiver.h:69:14:virtual uint32_t bios::CanFlex2Transceiver::getBaudrate() const	0	static
/workspaces/openbsw/platforms/s32k1xx/bsp/canflex2Transceiver/src/can/transceiver/canflex2/CanFlex2Transceiver.cpp:218:10:virtual uint16_t bios::CanFlex2Transceiver::getHwQueueTimeout() const	0	static
/workspaces/openbsw/platforms/s32k1xx/bsp/canflex2Transceiver/src/can/transceiver/canflex2/CanFlex2Transceiver.cpp:226:10:virtual uint16_t bios::CanFlex2Transceiver::getFirstFrameId() const	0	static
/workspaces/openbsw/platforms/s32k1xx/bsp/canflex2Transceiver/src/can/transceiver/canflex2/CanFlex2Transceiver.cpp:231:6:virtual void bios::CanFlex2Transceiver::resetFirstFrame()	0	static
/workspaces/openbsw/platforms/s32k1xx/bsp/canflex2Transceiver/src/can/transceiver/canflex2/CanFlex2Transceiver.cpp:319:35:virtual can::ICanTransceiver::ErrorCode bios::CanFlex2Transceiver::unmute()	0	static
/workspaces/openbsw/libs/bsw/async/include/async/util/Call.h:52:6:void async::Call<T>::execute() [with T = etl::delegate<void()>]	0	static
/workspaces/openbsw/libs/3rdparty/etl/include/etl/private/delegate_cpp11.h:582:36:) = &bios::CanFlex2Transceiver::canFrameSentCallback; TReturn = void; TParams = {}]	0	static
/workspaces/openbsw/platforms/s32k1xx/bsp/canflex2Transceiver/src/can/transceiver/canflex2/CanFlex2Transceiver.cpp:237:35:virtual can::ICanTransceiver::ErrorCode bios::CanFlex2Transceiver::open(const can::CANFrame&)	8	static
/workspaces/openbsw/platforms/s32k1xx/bsp/canflex2Transceiver/src/can/transceiver/canflex2/CanFlex2Transceiver.cpp:295:6:virtual void bios::CanFlex2Transceiver::shutdown()	8	static
/workspaces/openbsw/platforms/s32k1xx/bsp/canflex2Transceiver/include/can/transceiver/canflex2/CanFlex2Transceiver.h:89:18:virtual bool bios::CanFlex2Transceiver::getRxAlive() const	0	static
/workspaces/openbsw/platforms/s32k1xx/bsp/canflex2Transceiver/src/can/transceiver/canflex2/CanFlex2Transceiver.cpp:54:35:virtual can::ICanTransceiver::ErrorCode bios::CanFlex2Transceiver::init()	16	static
/workspaces/openbsw/platforms/s32k1xx/bsp/canflex2Transceiver/src/can/transceiver/canflex2/CanFlex2Transceiver.cpp:244:35:virtual can::ICanTransceiver::ErrorCode bios::CanFlex2Transceiver::open()	24	static
/workspaces/openbsw/platforms/s32k1xx/bsp/canflex2Transceiver/src/can/transceiver/canflex2/CanFlex2Transceiver.cpp:301:35:virtual can::ICanTransceiver::ErrorCode bios::CanFlex2Transceiver::mute()	8	static
/workspaces/openbsw/platforms/s32k1xx/bsp/canflex2Transceiver/src/can/transceiver/canflex2/CanFlex2Transceiver.cpp:273:35:virtual can::ICanTransceiver::ErrorCode bios::CanFlex2Transceiver::close()	8	static
/workspaces/openbsw/libs/bsw/util/include/util/logger/Logger.h:196:13:)	20	static
/workspaces/openbsw/platforms/s32k1xx/bsp/canflex2Transceiver/src/can/transceiver/canflex2/CanFlex2Transceiver.cpp:21:1:bios::CanFlex2Transceiver::CanFlex2Transceiver(async::ContextType, uint8_t, const bios::FlexCANDevice::Config&, bios::CanPhy&, bios::IEcuPowerStateController&)	32	static
/workspaces/openbsw/platforms/s32k1xx/bsp/canflex2Transceiver/src/can/transceiver/canflex2/CanFlex2Transceiver.cpp:83:35:can::ICanTransceiver::ErrorCode bios::CanFlex2Transceiver::write(const can::CANFrame&, can::ICANFrameSentListener*)	24	static
/workspaces/openbsw/platforms/s32k1xx/bsp/canflex2Transceiver/src/can/transceiver/canflex2/CanFlex2Transceiver.cpp:72:35:virtual can::ICanTransceiver::ErrorCode bios::CanFlex2Transceiver::write(const can::CANFrame&)	0	static
/workspaces/openbsw/platforms/s32k1xx/bsp/canflex2Transceiver/src/can/transceiver/canflex2/CanFlex2Transceiver.cpp:78:1:virtual can::ICanTransceiver::ErrorCode bios::CanFlex2Transceiver::write(const can::CANFrame&, can::ICANFrameSentListener&)	0	static
/workspaces/openbsw/platforms/s32k1xx/bsp/canflex2Transceiver/src/can/transceiver/canflex2/CanFlex2Transceiver.cpp:165:6:void bios::CanFlex2Transceiver::canFrameSentCallback()	0	static
/workspaces/openbsw/platforms/s32k1xx/bsp/canflex2Transceiver/src/can/transceiver/canflex2/CanFlex2Transceiver.cpp:167:6:void bios::CanFlex2Transceiver::canFrameSentAsyncCallback()	24	static
/workspaces/openbsw/libs/3rdparty/etl/include/etl/private/delegate_cpp11.h:582:36:) = &bios::CanFlex2Transceiver::canFrameSentAsyncCallback; TReturn = void; TParams = {}]	0	static
/workspaces/openbsw/platforms/s32k1xx/bsp/canflex2Transceiver/src/can/transceiver/canflex2/CanFlex2Transceiver.cpp:333:6:void bios::CanFlex2Transceiver::receiveTask()	8	static
/workspaces/openbsw/platforms/s32k1xx/bsp/canflex2Transceiver/src/can/transceiver/canflex2/CanFlex2Transceiver.cpp:346:6:void bios::CanFlex2Transceiver::cyclicTask()	8	static
/workspaces/openbsw/libs/3rdparty/etl/include/etl/private/delegate_cpp11.h:582:36:) = &bios::CanFlex2Transceiver::cyclicTask; TReturn = void; TParams = {}]	0	static
/workspaces/openbsw/platforms/s32k1xx/bsp/canflex2Transceiver/src/can/transceiver/canflex2/CanFlex2Transceiver.cpp:394:1:cpp)	0	static
