/workspaces/openbsw/executables/referenceApp/udsConfiguration/include/uds/session/DiagSession.h:48:18:virtual void uds::DiagSession::enter()	0	static
/workspaces/openbsw/libs/bsw/uds/src/uds/session/ProgrammingSession.cpp:11:1:virtual uds::DiagReturnCode::Type uds::ProgrammingSession::isTransitionPossible(uds::DiagSession::SessionType)	0	static
/workspaces/openbsw/libs/bsw/uds/src/uds/session/ProgrammingSession.cpp:27:14:virtual uds::DiagSession& uds::ProgrammingSession::getTransitionResult(uds::DiagSession::SessionType)	8	static
