/workspaces/openbsw/executables/referenceApp/application/src/systems/DemoSystem.cpp:95:6:virtual void systems::DemoSystem::init()	0	static
/workspaces/openbsw/executables/referenceApp/application/src/systems/DemoSystem.cpp:97:6:virtual void systems::DemoSystem::run()	16	static
/workspaces/openbsw/executables/referenceApp/application/src/systems/DemoSystem.cpp:114:6:virtual void systems::DemoSystem::shutdown()	8	static
/workspaces/openbsw/executables/referenceApp/application/src/systems/DemoSystem.cpp:48:1:systems::DemoSystem::DemoSystem(async::ContextType, lifecycle::ILifecycleManager&)	16	static
/workspaces/openbsw/executables/referenceApp/application/src/systems/DemoSystem.cpp:131:6:void systems::DemoSystem::cyclic()	32	static
/workspaces/openbsw/executables/referenceApp/application/src/systems/DemoSystem.cpp:129:6:virtual void systems::DemoSystem::execute()	0	static
/workspaces/openbsw/executables/referenceApp/application/include/systems/DemoSystem.h:66:10:virtual void systems::DemoSystem::_ZThn12_N7systems10DemoSystem7executeEv()	0	static
