/workspaces/openbsw/libs/3rdparty/etl/include/etl/private/delegate_cpp11.h:582:36:) = &console::AsyncConsole::onLineReceived; TReturn = void; TParams = {util::stream::ISharedOutputStream&, const etl::ibasic_string<char>&, const etl::delegate<void()>&}]	0	static
/workspaces/openbsw/executables/referenceApp/application/src/console/console.cpp:16:6:void console::enable()	0	static
/workspaces/openbsw/executables/referenceApp/application/src/console/console.cpp:18:6:void console::disable()	0	static
/workspaces/openbsw/executables/referenceApp/application/src/console/console.cpp:20:6:void console::init()	16	static
/workspaces/openbsw/executables/referenceApp/application/src/console/console.cpp:27:6:void console::run()	0	static
/workspaces/openbsw/executables/referenceApp/application/src/console/console.cpp:35:1:cpp)	8	static
/workspaces/openbsw/executables/referenceApp/application/src/console/console.cpp:35:1:cpp)	4	static
