/workspaces/openbsw/libs/bsw/uds/include/uds/DiagDispatcher.h:108:14:virtual uint16_t uds::DiagDispatcher2::getSourceId() const	0	static
/workspaces/openbsw/libs/bsw/uds/include/uds/DiagDispatcher.h:144:14:virtual void uds::DiagDispatcher2::DefaultTransportMessageProcessedListener::transportMessageProcessed(transport::TransportMessage&, transport::ITransportMessageProcessedListener::ProcessingResult)	0	static
/workspaces/openbsw/libs/bsw/uds/src/uds/DiagDispatcher.cpp:430:35:virtual transport::AbstractTransportLayer::ErrorCode uds::DiagDispatcher2::init()	0	static
/workspaces/openbsw/libs/bsw/async/include/async/util/Call.h:52:6:void async::Call<T>::execute() [with T = etl::delegate<void()>]	0	static
/workspaces/openbsw/libs/bsw/uds/include/uds/DiagDispatcher.h:69:39:virtual transport::AbstractTransportLayer::ErrorCode uds::DiagDispatcher2::_ZThn16_N3uds15DiagDispatcher24initEv()	0	static
/workspaces/openbsw/libs/bsw/util/include/util/logger/Logger.h:191:13:)	20	static
/workspaces/openbsw/libs/bsw/uds/src/uds/DiagDispatcher.cpp:410:44:virtual uds::IOutgoingDiagConnectionProvider::ErrorCode uds::DiagDispatcher2::getOutgoingDiagConnection(uint16_t, uds::OutgoingDiagConnection*&, transport::TransportMessage*)	16	static
/workspaces/openbsw/libs/3rdparty/etl/include/etl/private/delegate_cpp11.h:582:36:) = &uds::DiagDispatcher2::connectionManagerShutdownComplete; TReturn = void; TParams = {}]	8	static
/workspaces/openbsw/libs/bsw/util/include/util/logger/Logger.h:196:13:)	20	static
/workspaces/openbsw/libs/bsw/util/include/util/logger/Logger.h:201:13:)	20	static
/workspaces/openbsw/libs/bsw/util/include/util/logger/Logger.h:206:13:)	20	static
/workspaces/openbsw/libs/bsw/uds/src/uds/DiagDispatcher.cpp:30:1:uds::DiagDispatcher2::DiagDispatcher2(uds::AbstractDiagnosisConfiguration&, uds::IDiagSessionManager&, uds::DiagJobRoot&, async::ContextType)	32	static
/workspaces/openbsw/libs/bsw/uds/src/uds/DiagDispatcher.cpp:169:35:transport::AbstractTransportLayer::ErrorCode uds::DiagDispatcher2::enqueueMessage(transport::TransportMessage&, transport::ITransportMessageProcessedListener*)	32	static
/workspaces/openbsw/libs/bsw/uds/src/uds/DiagDispatcher.cpp:119:35:virtual transport::AbstractTransportLayer::ErrorCode uds::DiagDispatcher2::resume(transport::TransportMessage&, transport::ITransportMessageProcessedListener*)	8	static
/workspaces/openbsw/libs/bsw/uds/src/uds/DiagDispatcher.cpp:393:6:static bool uds::DiagDispatcher2::isNegativeResponse(const transport::TransportMessage&)	0	static
/workspaces/openbsw/libs/bsw/uds/src/uds/DiagDispatcher.cpp:405:6:static bool uds::DiagDispatcher2::isFromValidSender(const transport::TransportMessage&)	0	static
/workspaces/openbsw/libs/bsw/uds/src/uds/DiagDispatcher.cpp:428:6:void uds::DiagDispatcher2::trigger()	0	static
/workspaces/openbsw/libs/bsw/uds/src/uds/DiagDispatcher.cpp:437:20:bool uds::DiagDispatcher2::shutdown_local(transport::AbstractTransportLayer::ShutdownDelegate)	32	static
/workspaces/openbsw/libs/bsw/uds/src/uds/DiagDispatcher.cpp:448:6:virtual bool uds::DiagDispatcher2::shutdown(transport::AbstractTransportLayer::ShutdownDelegate)	8	static
/workspaces/openbsw/libs/bsw/uds/include/uds/DiagDispatcher.h:74:10:virtual bool uds::DiagDispatcher2::_ZThn16_N3uds15DiagDispatcher28shutdownEN3etl8delegateIFvRN9transport22AbstractTransportLayerEEEE(transport::AbstractTransportLayer::ShutdownDelegate)	8	static
/workspaces/openbsw/libs/bsw/uds/src/uds/DiagDispatcher.cpp:450:6:void uds::DiagDispatcher2::connectionManagerShutdownComplete()	8	static
/workspaces/openbsw/libs/bsw/uds/src/uds/DiagDispatcher.cpp:456:6:virtual void uds::DiagDispatcher2::transportMessageProcessed(transport::TransportMessage&, transport::ITransportMessageProcessedListener::ProcessingResult)	0	static
/workspaces/openbsw/libs/bsw/uds/include/uds/DiagDispatcher.h:94:10:virtual void uds::DiagDispatcher2::_ZThn52_N3uds15DiagDispatcher225transportMessageProcessedERN9transport16TransportMessageENS1_34ITransportMessageProcessedListener16ProcessingResultE(transport::TransportMessage&, transport::ITransportMessageProcessedListener::ProcessingResult)	0	static
/workspaces/openbsw/libs/bsw/uds/src/uds/DiagDispatcher.cpp:375:6:void uds::DiagDispatcher2::sendBusyResponse(const transport::TransportMessage*)	16	static
/workspaces/openbsw/libs/bsw/uds/src/uds/DiagDispatcher.cpp:55:49:transport::AbstractTransportLayer::ErrorCode uds::DiagDispatcher2::send_local(transport::TransportMessage&, transport::ITransportMessageProcessedListener*)	32	static
/workspaces/openbsw/libs/bsw/uds/src/uds/DiagDispatcher.cpp:112:35:virtual transport::AbstractTransportLayer::ErrorCode uds::DiagDispatcher2::send(transport::TransportMessage&, transport::ITransportMessageProcessedListener*)	0	static
/workspaces/openbsw/libs/bsw/uds/include/uds/DiagDispatcher.h:79:50:virtual transport::AbstractTransportLayer::ErrorCode uds::DiagDispatcher2::_ZThn16_N3uds15DiagDispatcher24sendERN9transport16TransportMessageEPNS1_34ITransportMessageProcessedListenerE(transport::TransportMessage&, transport::ITransportMessageProcessedListener*)	0	static
/workspaces/openbsw/libs/bsw/uds/src/uds/DiagDispatcher.cpp:142:19:transport::TransportMessage* uds::DiagDispatcher2::copyFunctionalRequest(transport::TransportMessage&)	48	static
/workspaces/openbsw/libs/bsw/uds/src/uds/DiagDispatcher.cpp:289:6:void uds::DiagDispatcher2::dispatchIncomingRequest(transport::TransportJob&)	40	static
/workspaces/openbsw/libs/bsw/uds/src/uds/DiagDispatcher.cpp:207:6:void uds::DiagDispatcher2::processQueue()	24	static
/workspaces/openbsw/libs/3rdparty/etl/include/etl/private/delegate_cpp11.h:582:36:) = &uds::DiagDispatcher2::processQueue; TReturn = void; TParams = {}]	0	static
/workspaces/openbsw/libs/bsw/uds/src/uds/DiagDispatcher.cpp:235:9:virtual uint8_t uds::DiagDispatcher2::dispatchTriggerEventRequest(transport::TransportMessage&)	32	static
