/workspaces/openbsw/libs/bsw/logger/include/logger/DefaultLoggerTime.h:46:6:void logger::DefaultLoggerTime<Timepoint>::formatTimestamp(util::stream::IOutputStream&, const TimestampType&) const [with Timepoint = etl::chrono::time_point<etl::chrono::high_resolution_clock, etl::chrono::duration<long unsigned int, etl::ratio<1, 1000> > >]	16	static
/workspaces/openbsw/libs/bsw/logger/include/logger/DefaultLoggerTime.h:38:1:logger::DefaultLoggerTime<Timepoint>::TimestampType logger::DefaultLoggerTime<Timepoint>::getTimestamp() const [with Timepoint = etl::chrono::time_point<etl::chrono::high_resolution_clock, etl::chrono::duration<long unsigned int, etl::ratio<1, 1000> > >]	8	static
/workspaces/openbsw/libs/bsw/loggerIntegration/include/logger/ConsoleEntryFormatter.h:43:6:void logger::ConsoleEntryFormatter<E, Timestamp>::formatEntry(util::stream::IOutputStream&, E, Timestamp, const util::logger::ComponentInfo&, const util::logger::LevelInfo&, const char*, util::format::IPrintfArgumentReader&) const [with E = long unsigned int; Timestamp = long unsigned int]	104	static
/workspaces/openbsw/libs/bsw/loggerIntegration/src/logger/LoggerComposition.cpp:9:1:logger::LoggerComposition::LoggerComposition(util::logger::IComponentMapping&, const char*)	32	static
/workspaces/openbsw/libs/bsw/loggerIntegration/src/logger/LoggerComposition.cpp:18:6:void logger::LoggerComposition::start(const ConfigStart&)	0	static
/workspaces/openbsw/libs/bsw/logger/include/logger/EntrySerializer.h:395:6:void logger::EntrySerializer<T, Timestamp, ReadOnlyPredicate>::EntryReader::readParamVariant() [with T = short unsigned int; Timestamp = long unsigned int; ReadOnlyPredicate = logger::SectionPredicate]	16	static
/workspaces/openbsw/libs/bsw/logger/include/logger/EntrySerializer.h:373:5:const util::format::ParamVariant* logger::EntrySerializer<T, Timestamp, ReadOnlyPredicate>::EntryReader::readArgument(util::format::ParamDatatype) [with T = short unsigned int; Timestamp = long unsigned int; ReadOnlyPredicate = logger::SectionPredicate]	8	static
/workspaces/openbsw/libs/bsw/logger/include/logger/EntrySerializer.h:309:6:void logger::EntrySerializer<T, Timestamp, ReadOnlyPredicate>::EntryWriter::writeString(uint8_t, const char*, T) [with T = short unsigned int; Timestamp = long unsigned int; ReadOnlyPredicate = logger::SectionPredicate]	40	static
/workspaces/openbsw/libs/bsw/logger/include/logger/EntrySerializer.h:291:6:void logger::EntrySerializer<T, Timestamp, ReadOnlyPredicate>::EntryWriter::writeString(const char*) [with T = short unsigned int; Timestamp = long unsigned int; ReadOnlyPredicate = logger::SectionPredicate]	32	static
/workspaces/openbsw/libs/bsw/logger/include/logger/EntrySerializer.h:221:6:void logger::EntrySerializer<T, Timestamp, ReadOnlyPredicate>::EntryWriter::writeParamVariant(util::format::ParamDatatype, const util::format::ParamVariant&) [with T = short unsigned int; Timestamp = long unsigned int; ReadOnlyPredicate = logger::SectionPredicate]	24	static
/workspaces/openbsw/libs/bsw/logger/include/logger/ConsoleEntryOutput.h:39:6:void logger::ConsoleEntryOutput<E, Timestamp>::outputEntry(E, Timestamp, const util::logger::ComponentInfo&, const util::logger::LevelInfo&, const char*, util::format::IPrintfArgumentReader&) [with E = long unsigned int; Timestamp = long unsigned int]	32	static
/workspaces/openbsw/libs/bsw/logger/include/logger/BufferedLoggerOutput.h:287:6:void logger::BufferedLoggerOutput<Lock, MaxEntrySize, T, E, Timestamp, ReadOnlyPredicate>::EntryOutputAdapter::onEntry(Timestamp, uint8_t, util::logger::Level, const char*, util::format::IPrintfArgumentReader&) [with Lock = interrupts::SuspendResumeAllInterruptsScopedLock; unsigned char MaxEntrySize = 128; T = short unsigned int; E = long unsigned int; Timestamp = long unsigned int; ReadOnlyPredicate = logger::SectionPredicate]	64	static
/workspaces/openbsw/libs/bsw/logger/include/logger/BufferedLoggerOutput.h:216:6:bool logger::BufferedLoggerOutput<Lock, MaxEntrySize, T, E, Timestamp, ReadOnlyPredicate>::outputEntry(logger::IEntryOutput<E, Timestamp>&, EntryRefType&) const [with Lock = interrupts::SuspendResumeAllInterruptsScopedLock; unsigned char MaxEntrySize = 128; T = short unsigned int; E = long unsigned int; Timestamp = long unsigned int; ReadOnlyPredicate = logger::SectionPredicate]	240	static
/workspaces/openbsw/libs/bsw/loggerIntegration/src/logger/LoggerComposition.cpp:23:6:void logger::LoggerComposition::run()	8	static
/workspaces/openbsw/libs/bsw/loggerIntegration/src/logger/LoggerComposition.cpp:28:6:void logger::LoggerComposition::stop(const ConfigStop&)	24	static
/workspaces/openbsw/libs/bsw/logger/include/logger/BufferedLoggerOutput.h:241:6:void logger::BufferedLoggerOutput<Lock, MaxEntrySize, T, E, Timestamp, ReadOnlyPredicate>::logOutput(const util::logger::ComponentInfo&, const util::logger::LevelInfo&, const char*, va_list) [with Lock = interrupts::SuspendResumeAllInterruptsScopedLock; unsigned char MaxEntrySize = 128; T = short unsigned int; E = long unsigned int; Timestamp = long unsigned int; ReadOnlyPredicate = logger::SectionPredicate]	232	static
