/workspaces/openbsw/libs/bsw/cpp2can/include/can/filter/IntervalFilter.h:90:10:virtual void can::IntervalFilter::acceptMerger(can::IMerger&)	0	static
/workspaces/openbsw/libs/bsw/cpp2can/src/can/filter/IntervalFilter.cpp:20:6:virtual void can::IntervalFilter::add(uint32_t, uint32_t)	4	static
/workspaces/openbsw/libs/bsw/cpp2can/src/can/filter/IntervalFilter.cpp:42:6:virtual bool can::IntervalFilter::match(uint32_t) const	0	static
/workspaces/openbsw/libs/bsw/cpp2can/src/can/filter/IntervalFilter.cpp:47:6:virtual void can::IntervalFilter::clear()	0	static
/workspaces/openbsw/libs/bsw/cpp2can/src/can/filter/IntervalFilter.cpp:53:6:virtual void can::IntervalFilter::open()	0	static
/workspaces/openbsw/libs/bsw/cpp2can/src/can/filter/IntervalFilter.cpp:18:6:virtual void can::IntervalFilter::add(uint32_t)	8	static
/workspaces/openbsw/libs/bsw/cpp2can/src/can/filter/IntervalFilter.cpp:10:1:can::IntervalFilter::IntervalFilter()	4	static
/workspaces/openbsw/libs/bsw/cpp2can/src/can/filter/IntervalFilter.cpp:12:1:can::IntervalFilter::IntervalFilter(uint32_t, uint32_t)	0	static
