/workspaces/openbsw/libs/bsw/util/src/util/estd/assert.cpp:54:6:void estd::AssertDefaultHandler(const char*, int, const char*)	8	static
/workspaces/openbsw/libs/bsw/util/src/util/estd/assert.cpp:24:6:void estd::estd_assert_no_macro(bool, const char*, int, const char*)	4	static
/workspaces/openbsw/libs/bsw/util/src/util/estd/assert.cpp:36:6:void estd::assert_func(const char*, int, const char*)	0	static
/workspaces/openbsw/libs/bsw/util/src/util/estd/assert.cpp:50:6:void estd::set_assert_handler(AssertHandler)	0	static
/workspaces/openbsw/libs/bsw/util/src/util/estd/assert.cpp:52:15:void (* estd::get_assert_handler())(const char*, int, const char*)	0	static
/workspaces/openbsw/libs/bsw/util/src/util/estd/assert.cpp:71:6:void estd::AssertExceptionHandler(const char*, int, const char*)	0	static
/workspaces/openbsw/libs/bsw/util/src/util/estd/assert.cpp:91:1:estd::assert_exception::assert_exception(const char*, int, const char*)	0	static
/workspaces/openbsw/libs/bsw/util/src/util/estd/assert.cpp:101:13:const char* estd::assert_exception::getFile() const	0	static
/workspaces/openbsw/libs/bsw/util/src/util/estd/assert.cpp:103:5:int estd::assert_exception::getLine() const	0	static
/workspaces/openbsw/libs/bsw/util/src/util/estd/assert.cpp:105:13:const char* estd::assert_exception::getTest() const	0	static
/workspaces/openbsw/libs/bsw/util/src/util/estd/assert.cpp:107:1:estd::AssertHandlerScope::AssertHandlerScope(estd::AssertHandler)	0	static
/workspaces/openbsw/libs/bsw/util/src/util/estd/assert.cpp:113:1:estd::AssertHandlerScope::~AssertHandlerScope()	0	static
