/workspaces/openbsw/libs/3rdparty/lwip/src/core/pbuf.c:729:1:pbuf_free.part.0	16	static
/workspaces/openbsw/libs/3rdparty/lwip/src/core/pbuf.c:226:1:pbuf_alloc	32	static
/workspaces/openbsw/libs/3rdparty/lwip/src/core/pbuf.c:329:1:pbuf_alloc_reference	16	static
/workspaces/openbsw/libs/3rdparty/lwip/src/core/pbuf.c:365:1:pbuf_alloced_custom	8	static
/workspaces/openbsw/libs/3rdparty/lwip/src/core/pbuf.c:404:1:pbuf_realloc	16	static
/workspaces/openbsw/libs/3rdparty/lwip/src/core/pbuf.c:556:1:pbuf_add_header	4	static
/workspaces/openbsw/libs/3rdparty/lwip/src/core/pbuf.c:566:1:pbuf_add_header_force	4	static
/workspaces/openbsw/libs/3rdparty/lwip/src/core/pbuf.c:587:1:pbuf_remove_header	8	static
/workspaces/openbsw/libs/3rdparty/lwip/src/core/pbuf.c:651:1:pbuf_header	8	static
/workspaces/openbsw/libs/3rdparty/lwip/src/core/pbuf.c:661:1:pbuf_header_force	8	static
/workspaces/openbsw/libs/3rdparty/lwip/src/core/pbuf.c:676:1:pbuf_free_header	16	static
/workspaces/openbsw/libs/3rdparty/lwip/src/core/pbuf.c:729:1:pbuf_free	0	static
/workspaces/openbsw/libs/3rdparty/lwip/src/core/pbuf.c:813:1:pbuf_clen	0	static
/workspaces/openbsw/libs/3rdparty/lwip/src/core/pbuf.c:833:1:pbuf_ref	8	static
/workspaces/openbsw/libs/3rdparty/lwip/src/core/pbuf.c:857:1:pbuf_cat	4	static
/workspaces/openbsw/libs/3rdparty/lwip/src/core/pbuf.c:900:1:pbuf_chain	8	static
/workspaces/openbsw/libs/3rdparty/lwip/src/core/pbuf.c:917:1:pbuf_dechain	8	static
/workspaces/openbsw/libs/3rdparty/lwip/src/core/pbuf.c:989:1:pbuf_copy_partial_pbuf	32	static
/workspaces/openbsw/libs/3rdparty/lwip/src/core/pbuf.c:962:1:pbuf_copy	8	static
/workspaces/openbsw/libs/3rdparty/lwip/src/core/pbuf.c:1061:1:pbuf_copy_partial	24	static
/workspaces/openbsw/libs/3rdparty/lwip/src/core/pbuf.c:1111:1:pbuf_get_contiguous	16	static
/workspaces/openbsw/libs/3rdparty/lwip/src/core/pbuf.c:1218:1:pbuf_skip	0	static
/workspaces/openbsw/libs/3rdparty/lwip/src/core/pbuf.c:1236:1:pbuf_take	24	static
/workspaces/openbsw/libs/3rdparty/lwip/src/core/pbuf.c:1280:1:pbuf_take_at	24	static
/workspaces/openbsw/libs/3rdparty/lwip/src/core/pbuf.c:1318:1:pbuf_coalesce	24	static
/workspaces/openbsw/libs/3rdparty/lwip/src/core/pbuf.c:1346:1:pbuf_clone	16	static
/workspaces/openbsw/libs/3rdparty/lwip/src/core/pbuf.c:1411:1:pbuf_get_at	0	static
/workspaces/openbsw/libs/3rdparty/lwip/src/core/pbuf.c:1429:1:pbuf_try_get_at	0	static
/workspaces/openbsw/libs/3rdparty/lwip/src/core/pbuf.c:1451:1:pbuf_put_at	0	static
/workspaces/openbsw/libs/3rdparty/lwip/src/core/pbuf.c:1474:1:pbuf_memcmp	12	static
/workspaces/openbsw/libs/3rdparty/lwip/src/core/pbuf.c:1516:1:pbuf_memfind	24	static
/workspaces/openbsw/libs/3rdparty/lwip/src/core/pbuf.c:1543:1:pbuf_strstr	32	static
