/workspaces/openbsw/libs/3rdparty/lwip/src/core/tcp_in.c:600:1:tcp_input_delayed_close	8	static
/workspaces/openbsw/libs/3rdparty/lwip/src/core/tcp_in.c:1101:1:tcp_free_acked_segments.isra	32	static
/workspaces/openbsw/libs/3rdparty/lwip/src/core/tcp_in.c:1154:1:tcp_receive	24	static
/workspaces/openbsw/libs/3rdparty/lwip/src/core/tcp_in.c:1925:1:tcp_parseopt	24	static
/workspaces/openbsw/libs/3rdparty/lwip/src/core/tcp_in.c:118:1:tcp_input	72	static
/workspaces/openbsw/libs/3rdparty/lwip/src/core/tcp_in.c:2045:1:tcp_trigger_input_pcb_close	0	static
