/workspaces/openbsw/libs/3rdparty/lwip/src/core/tcp_out.c:228:1:tcp_pbuf_prealloc	16	static
/workspaces/openbsw/libs/3rdparty/lwip/src/core/tcp_out.c:161:1:tcp_create_segment	32	static
/workspaces/openbsw/libs/3rdparty/lwip/src/core/tcp_out.c:1822:1:tcp_output_alloc_header_common.constprop	32	static
/workspaces/openbsw/libs/3rdparty/lwip/src/core/tcp_out.c:1925:1:tcp_output_control_segment	40	static
/workspaces/openbsw/libs/3rdparty/lwip/src/core/tcp_out.c:393:1:tcp_write	104	static
/workspaces/openbsw/libs/3rdparty/lwip/src/core/tcp_out.c:830:1:tcp_split_unsent_seg	48	static
/workspaces/openbsw/libs/3rdparty/lwip/src/core/tcp_out.c:1036:1:tcp_enqueue_flags	24	static
/workspaces/openbsw/libs/3rdparty/lwip/src/core/tcp_out.c:1005:1:tcp_send_fin	24	static
/workspaces/openbsw/libs/3rdparty/lwip/src/core/tcp_out.c:1635:1:tcp_rexmit_rto_prepare	24	static
/workspaces/openbsw/libs/3rdparty/lwip/src/core/tcp_out.c:1728:1:tcp_rexmit	24	static
/workspaces/openbsw/libs/3rdparty/lwip/src/core/tcp_out.c:1787:1:tcp_rexmit_fast	8	static
/workspaces/openbsw/libs/3rdparty/lwip/src/core/tcp_out.c:2037:1:tcp_rst	48	static
/workspaces/openbsw/libs/3rdparty/lwip/src/core/tcp_out.c:2069:1:tcp_rst_netif	48	static
/workspaces/openbsw/libs/3rdparty/lwip/src/core/tcp_out.c:2089:1:tcp_send_empty_ack	24	static
/workspaces/openbsw/libs/3rdparty/lwip/src/core/tcp_out.c:1241:1:tcp_output	64	static
/workspaces/openbsw/libs/3rdparty/lwip/src/core/tcp_out.c:1690:1:tcp_rexmit_rto_commit	0	static
/workspaces/openbsw/libs/3rdparty/lwip/src/core/tcp_out.c:1711:1:tcp_rexmit_rto	8	static
/workspaces/openbsw/libs/3rdparty/lwip/src/core/tcp_out.c:2148:1:tcp_keepalive	24	static
/workspaces/openbsw/libs/3rdparty/lwip/src/core/tcp_out.c:2186:1:tcp_zero_window_probe	40	static
