/workspaces/openbsw/libs/3rdparty/freeRtos/src/event_groups.c:707:6:vEventGroupClearBitsCallback	16	static
/workspaces/openbsw/libs/3rdparty/freeRtos/src/event_groups.c:81:24:xEventGroupCreateStatic	8	static
/workspaces/openbsw/libs/3rdparty/freeRtos/src/event_groups.c:302:13:xEventGroupWaitBits	24	static
/workspaces/openbsw/libs/3rdparty/freeRtos/src/event_groups.c:458:13:xEventGroupClearBits	16	static
/workspaces/openbsw/libs/3rdparty/freeRtos/src/event_groups.c:488:16:xEventGroupClearBitsFromISR	0	static
/workspaces/openbsw/libs/3rdparty/freeRtos/src/event_groups.c:502:13:xEventGroupGetBitsFromISR	0	static
/workspaces/openbsw/libs/3rdparty/freeRtos/src/event_groups.c:518:13:xEventGroupSetBits	32	static
/workspaces/openbsw/libs/3rdparty/freeRtos/src/event_groups.c:179:13:xEventGroupSync	24	static
/workspaces/openbsw/libs/3rdparty/freeRtos/src/event_groups.c:698:6:vEventGroupSetBitsCallback	0	static
/workspaces/openbsw/libs/3rdparty/freeRtos/src/event_groups.c:614:6:vEventGroupDelete	8	static
/workspaces/openbsw/libs/3rdparty/freeRtos/src/event_groups.c:661:16:xEventGroupGetStaticBuffer	0	static
/workspaces/openbsw/libs/3rdparty/freeRtos/src/event_groups.c:753:16:xEventGroupSetBitsFromISR	0	static
/workspaces/openbsw/libs/3rdparty/freeRtos/src/event_groups.c:770:17:uxEventGroupGetNumber	0	static
/workspaces/openbsw/libs/3rdparty/freeRtos/src/event_groups.c:792:10:vEventGroupSetNumber	0	static
