/workspaces/openbsw/libs/3rdparty/freeRtos/src/queue.c:2236:19:prvCopyDataToQueue	16	static
/workspaces/openbsw/libs/3rdparty/freeRtos/src/queue.c:2340:13:prvUnlockQueue	16	static
/workspaces/openbsw/libs/3rdparty/freeRtos/src/queue.c:296:12:xQueueGenericReset	16	static
/workspaces/openbsw/libs/3rdparty/freeRtos/src/queue.c:365:19:xQueueGenericCreateStatic	16	static
/workspaces/openbsw/libs/3rdparty/freeRtos/src/queue.c:428:16:xQueueGenericGetStaticBuffers	0	static
/workspaces/openbsw/libs/3rdparty/freeRtos/src/queue.c:884:12:xQueueGenericSend	40	static
/workspaces/openbsw/libs/3rdparty/freeRtos/src/queue.c:1096:12:xQueueGenericSendFromISR	16	static
/workspaces/openbsw/libs/3rdparty/freeRtos/src/queue.c:1261:12:xQueueGiveFromISR	24	static
/workspaces/openbsw/libs/3rdparty/freeRtos/src/queue.c:1427:12:xQueueReceive	40	static
/workspaces/openbsw/libs/3rdparty/freeRtos/src/queue.c:1570:12:xQueueSemaphoreTake	32	static
/workspaces/openbsw/libs/3rdparty/freeRtos/src/queue.c:1780:12:xQueuePeek	32	static
/workspaces/openbsw/libs/3rdparty/freeRtos/src/queue.c:1931:12:xQueueReceiveFromISR	24	static
/workspaces/openbsw/libs/3rdparty/freeRtos/src/queue.c:2024:12:xQueuePeekFromISR	16	static
/workspaces/openbsw/libs/3rdparty/freeRtos/src/queue.c:2079:13:uxQueueMessagesWaiting	8	static
/workspaces/openbsw/libs/3rdparty/freeRtos/src/queue.c:2095:13:uxQueueSpacesAvailable	8	static
/workspaces/openbsw/libs/3rdparty/freeRtos/src/queue.c:2112:13:uxQueueMessagesWaitingFromISR	0	static
/workspaces/openbsw/libs/3rdparty/freeRtos/src/queue.c:2124:6:vQueueDelete	0	static
/workspaces/openbsw/libs/3rdparty/freeRtos/src/queue.c:2168:17:uxQueueGetQueueNumber	0	static
/workspaces/openbsw/libs/3rdparty/freeRtos/src/queue.c:2178:10:vQueueSetQueueNumber	0	static
/workspaces/openbsw/libs/3rdparty/freeRtos/src/queue.c:2189:13:ucQueueGetQueueType	0	static
/workspaces/openbsw/libs/3rdparty/freeRtos/src/queue.c:2197:13:uxQueueGetQueueItemSize	0	static
/workspaces/openbsw/libs/3rdparty/freeRtos/src/queue.c:2203:13:uxQueueGetQueueLength	0	static
/workspaces/openbsw/libs/3rdparty/freeRtos/src/queue.c:2481:12:xQueueIsQueueEmptyFromISR	0	static
/workspaces/openbsw/libs/3rdparty/freeRtos/src/queue.c:2522:12:xQueueIsQueueFullFromISR	0	static
/workspaces/openbsw/libs/3rdparty/freeRtos/src/queue.c:2942:10:vQueueWaitForMessageRestricted	16	static
