/workspaces/openbsw/libs/3rdparty/freeRtos/src/stream_buffer.c:1276:15:prvWriteBytesToBuffer	24	static
/workspaces/openbsw/libs/3rdparty/freeRtos/src/stream_buffer.c:1322:15:prvReadBytesFromBuffer	24	static
/workspaces/openbsw/libs/3rdparty/freeRtos/src/stream_buffer.c:1103:15:prvReadMessageFromBuffer	32	static
/workspaces/openbsw/libs/3rdparty/freeRtos/src/stream_buffer.c:398:26:xStreamBufferGenericCreateStatic	24	static
/workspaces/openbsw/libs/3rdparty/freeRtos/src/stream_buffer.c:478:16:xStreamBufferGetStaticBuffers	4	static
/workspaces/openbsw/libs/3rdparty/freeRtos/src/stream_buffer.c:505:6:vStreamBufferDelete	0	static
/workspaces/openbsw/libs/3rdparty/freeRtos/src/stream_buffer.c:538:12:xStreamBufferReset	32	static
/workspaces/openbsw/libs/3rdparty/freeRtos/src/stream_buffer.c:595:12:xStreamBufferSetTriggerLevel	0	static
/workspaces/openbsw/libs/3rdparty/freeRtos/src/stream_buffer.c:625:8:xStreamBufferSpacesAvailable	8	static
/workspaces/openbsw/libs/3rdparty/freeRtos/src/stream_buffer.c:658:8:xStreamBufferBytesAvailable	0	static
/workspaces/openbsw/libs/3rdparty/freeRtos/src/stream_buffer.c:670:8:xStreamBufferSend	64	static
/workspaces/openbsw/libs/3rdparty/freeRtos/src/stream_buffer.c:801:8:xStreamBufferSendFromISR	48	static
/workspaces/openbsw/libs/3rdparty/freeRtos/src/stream_buffer.c:902:8:xStreamBufferReceive	40	static
/workspaces/openbsw/libs/3rdparty/freeRtos/src/stream_buffer.c:1006:8:xStreamBufferNextMessageLengthBytes	16	static
/workspaces/openbsw/libs/3rdparty/freeRtos/src/stream_buffer.c:1046:8:xStreamBufferReceiveFromISR	32	static
/workspaces/openbsw/libs/3rdparty/freeRtos/src/stream_buffer.c:1155:12:xStreamBufferIsEmpty	0	static
/workspaces/openbsw/libs/3rdparty/freeRtos/src/stream_buffer.c:1179:12:xStreamBufferIsFull	8	static
/workspaces/openbsw/libs/3rdparty/freeRtos/src/stream_buffer.c:1214:12:xStreamBufferSendCompletedFromISR	24	static
/workspaces/openbsw/libs/3rdparty/freeRtos/src/stream_buffer.c:1245:12:xStreamBufferReceiveCompletedFromISR	24	static
/workspaces/openbsw/libs/3rdparty/freeRtos/src/stream_buffer.c:1428:17:uxStreamBufferGetStreamBufferNumber	0	static
/workspaces/openbsw/libs/3rdparty/freeRtos/src/stream_buffer.c:1438:10:vStreamBufferSetStreamBufferNumber	0	static
/workspaces/openbsw/libs/3rdparty/freeRtos/src/stream_buffer.c:1449:13:ucStreamBufferGetStreamBufferType	0	static
