/workspaces/openbsw/libs/3rdparty/freeRtos/src/tasks.c:3489:8:prvIdleTask	8	static
/workspaces/openbsw/libs/3rdparty/freeRtos/src/tasks.c:5387:13:prvAddCurrentTaskToDelayedList.isra	16	static
/workspaces/openbsw/libs/3rdparty/freeRtos/src/tasks.c:2781:12:xTaskIncrementTick.part.0	48	static
/workspaces/openbsw/libs/3rdparty/freeRtos/src/tasks.c:568:18:xTaskCreateStatic	32	static
/workspaces/openbsw/libs/3rdparty/freeRtos/src/tasks.c:1350:16:eTaskGetState	24	static
/workspaces/openbsw/libs/3rdparty/freeRtos/src/tasks.c:1968:6:vTaskStartScheduler	48	static
/workspaces/openbsw/libs/3rdparty/freeRtos/src/tasks.c:2093:6:vTaskEndScheduler	8	static
/workspaces/openbsw/libs/3rdparty/freeRtos/src/tasks.c:2104:6:vTaskSuspendAll	0	static
/workspaces/openbsw/libs/3rdparty/freeRtos/src/tasks.c:2188:12:xTaskResumeAll	48	static
/workspaces/openbsw/libs/3rdparty/freeRtos/src/tasks.c:2300:12:xTaskGetTickCount	8	static
/workspaces/openbsw/libs/3rdparty/freeRtos/src/tasks.c:2315:12:xTaskGetTickCountFromISR	0	static
/workspaces/openbsw/libs/3rdparty/freeRtos/src/tasks.c:2346:13:uxTaskGetNumberOfTasks	0	static
/workspaces/openbsw/libs/3rdparty/freeRtos/src/tasks.c:2354:8:pcTaskGetName	0	static
/workspaces/openbsw/libs/3rdparty/freeRtos/src/tasks.c:2503:16:xTaskGetStaticBuffers	0	static
/workspaces/openbsw/libs/3rdparty/freeRtos/src/tasks.c:2625:18:xTaskGetIdleTaskHandle	0	static
/workspaces/openbsw/libs/3rdparty/freeRtos/src/tasks.c:2677:12:xTaskCatchUpTicks	8	static
/workspaces/openbsw/libs/3rdparty/freeRtos/src/tasks.c:2781:12:xTaskIncrementTick	0	static
/workspaces/openbsw/libs/3rdparty/freeRtos/src/tasks.c:3070:6:vTaskSwitchContext	16	static
/workspaces/openbsw/libs/3rdparty/freeRtos/src/tasks.c:3144:6:vTaskPlaceOnEventList	8	static
/workspaces/openbsw/libs/3rdparty/freeRtos/src/tasks.c:3169:6:vTaskPlaceOnUnorderedEventList	16	static
/workspaces/openbsw/libs/3rdparty/freeRtos/src/tasks.c:3197:10:vTaskPlaceOnEventListRestricted	16	static
/workspaces/openbsw/libs/3rdparty/freeRtos/src/tasks.c:3230:12:xTaskRemoveFromEventList	16	static
/workspaces/openbsw/libs/3rdparty/freeRtos/src/tasks.c:3298:6:vTaskRemoveFromUnorderedEventList	16	static
/workspaces/openbsw/libs/3rdparty/freeRtos/src/tasks.c:3347:6:vTaskSetTimeOutState	8	static
/workspaces/openbsw/libs/3rdparty/freeRtos/src/tasks.c:3359:6:vTaskInternalSetTimeOutState	0	static
/workspaces/openbsw/libs/3rdparty/freeRtos/src/tasks.c:3367:12:xTaskCheckForTimeOut	24	static
/workspaces/openbsw/libs/3rdparty/freeRtos/src/tasks.c:3432:6:vTaskMissedYield	0	static
/workspaces/openbsw/libs/3rdparty/freeRtos/src/tasks.c:3440:17:uxTaskGetTaskNumber	0	static
/workspaces/openbsw/libs/3rdparty/freeRtos/src/tasks.c:3463:10:vTaskSetTaskNumber	0	static
/workspaces/openbsw/libs/3rdparty/freeRtos/src/tasks.c:3775:10:vTaskGetInfo	32	static
/workspaces/openbsw/libs/3rdparty/freeRtos/src/tasks.c:3890:24:prvListTasksWithinSingleList.part.0	32	static
/workspaces/openbsw/libs/3rdparty/freeRtos/src/tasks.c:2550:17:uxTaskGetSystemState	32	static
/workspaces/openbsw/libs/3rdparty/freeRtos/src/tasks.c:3986:17:uxTaskGetStackHighWaterMark	0	static
/workspaces/openbsw/libs/3rdparty/freeRtos/src/tasks.c:4090:18:xTaskGetCurrentTaskHandle	0	static
/workspaces/openbsw/libs/3rdparty/freeRtos/src/tasks.c:4107:16:xTaskGetSchedulerState	0	static
/workspaces/openbsw/libs/3rdparty/freeRtos/src/tasks.c:4726:12:uxTaskResetEventItemValue	0	static
/workspaces/openbsw/libs/3rdparty/freeRtos/src/tasks.c:4759:14:ulTaskGenericNotifyTake	24	static
/workspaces/openbsw/libs/3rdparty/freeRtos/src/tasks.c:4831:16:xTaskGenericNotifyWait	24	static
/workspaces/openbsw/libs/3rdparty/freeRtos/src/tasks.c:4917:16:xTaskGenericNotify	24	static
/workspaces/openbsw/libs/3rdparty/freeRtos/src/tasks.c:5040:16:xTaskGenericNotifyFromISR	20	static
/workspaces/openbsw/libs/3rdparty/freeRtos/src/tasks.c:5179:10:vTaskGenericNotifyGiveFromISR	20	static
/workspaces/openbsw/libs/3rdparty/freeRtos/src/tasks.c:5268:16:xTaskGenericNotifyStateClear	16	static
/workspaces/openbsw/libs/3rdparty/freeRtos/src/tasks.c:5302:14:ulTaskGenericNotifyValueClear	16	static
