/workspaces/openbsw/libs/3rdparty/freeRtos/src/timers.c:955:17:prvCheckForValidListAndQueue	32	static
/workspaces/openbsw/libs/3rdparty/freeRtos/src/timers.c:565:17:prvProcessExpiredTimer	32	static
/workspaces/openbsw/libs/3rdparty/freeRtos/src/timers.c:592:12:prvTimerTask	48	static
/workspaces/openbsw/libs/3rdparty/freeRtos/src/timers.c:233:16:xTimerCreateTimerTask	40	static
/workspaces/openbsw/libs/3rdparty/freeRtos/src/timers.c:315:23:xTimerCreateStatic	24	static
/workspaces/openbsw/libs/3rdparty/freeRtos/src/timers.c:386:16:xTimerGenericCommand	32	static
/workspaces/openbsw/libs/3rdparty/freeRtos/src/timers.c:433:18:xTimerGetTimerDaemonTaskHandle	0	static
/workspaces/openbsw/libs/3rdparty/freeRtos/src/timers.c:442:16:xTimerGetPeriod	0	static
/workspaces/openbsw/libs/3rdparty/freeRtos/src/timers.c:451:10:vTimerSetReloadMode	16	static
/workspaces/openbsw/libs/3rdparty/freeRtos/src/timers.c:472:16:xTimerGetReloadMode	8	static
/workspaces/openbsw/libs/3rdparty/freeRtos/src/timers.c:496:17:uxTimerGetReloadMode	8	static
/workspaces/openbsw/libs/3rdparty/freeRtos/src/timers.c:502:16:xTimerGetExpiryTime	0	static
/workspaces/openbsw/libs/3rdparty/freeRtos/src/timers.c:514:20:xTimerGetStaticBuffer	0	static
/workspaces/openbsw/libs/3rdparty/freeRtos/src/timers.c:537:18:pcTimerGetName	0	static
/workspaces/openbsw/libs/3rdparty/freeRtos/src/timers.c:1006:16:xTimerIsTimerActive	8	static
/workspaces/openbsw/libs/3rdparty/freeRtos/src/timers.c:1031:12:pvTimerGetTimerID	8	static
/workspaces/openbsw/libs/3rdparty/freeRtos/src/timers.c:1048:10:vTimerSetTimerID	16	static
/workspaces/openbsw/libs/3rdparty/freeRtos/src/timers.c:1065:20:xTimerPendFunctionCallFromISR	32	static
/workspaces/openbsw/libs/3rdparty/freeRtos/src/timers.c:1092:20:xTimerPendFunctionCall	32	static
/workspaces/openbsw/libs/3rdparty/freeRtos/src/timers.c:1124:21:uxTimerGetTimerNumber	0	static
/workspaces/openbsw/libs/3rdparty/freeRtos/src/timers.c:1134:14:vTimerSetTimerNumber	0	static
