/workspaces/openbsw/libs/bsw/util/include/util/logger/Logger.h:211:13:)	24	static
/workspaces/openbsw/platforms/s32k1xx/bsp/bspEthernet/src/ethernet/EnetDriver.cpp:52:1:ethernet::EnetDriver::EnetDriver(etl::array<unsigned char, 6>, const Configuration&)	56	static
/workspaces/openbsw/platforms/s32k1xx/bsp/bspEthernet/src/ethernet/EnetDriver.cpp:69:6:void ethernet::cleanUpMIB()	0	static
/workspaces/openbsw/platforms/s32k1xx/bsp/bspEthernet/src/ethernet/EnetDriver.cpp:79:9:uint8_t ethernet::initDevice(etl::span<const unsigned char, 6>, uint32_t, uint16_t, uint32_t, uint32_t)	40	static
/workspaces/openbsw/platforms/s32k1xx/bsp/bspEthernet/src/ethernet/EnetDriver.cpp:153:9:uint8_t ethernet::EnetDriver::init()	32	static
/workspaces/openbsw/platforms/s32k1xx/bsp/bspEthernet/src/ethernet/EnetDriver.cpp:174:6:void ethernet::EnetDriver::enableVlanTagging()	0	static
/workspaces/openbsw/platforms/s32k1xx/bsp/bspEthernet/src/ethernet/EnetDriver.cpp:180:6:void ethernet::EnetDriver::disableVlanTagging()	0	static
/workspaces/openbsw/platforms/s32k1xx/bsp/bspEthernet/src/ethernet/EnetDriver.cpp:186:9:uint8_t ethernet::EnetDriver::start()	0	static
/workspaces/openbsw/platforms/s32k1xx/bsp/bspEthernet/src/ethernet/EnetDriver.cpp:205:9:uint8_t ethernet::EnetDriver::stop()	0	static
/workspaces/openbsw/platforms/s32k1xx/bsp/bspEthernet/src/ethernet/EnetDriver.cpp:215:6:void ethernet::EnetDriver::interruptRx()	16	static
/workspaces/openbsw/platforms/s32k1xx/bsp/bspEthernet/src/ethernet/EnetDriver.cpp:224:6:void ethernet::EnetDriver::interruptError()	0	static
/workspaces/openbsw/platforms/s32k1xx/bsp/bspEthernet/src/ethernet/EnetDriver.cpp:230:6:void ethernet::setGroupcastAddressRecognitionImpl(etl::array<unsigned char, 6>)	24	static
/workspaces/openbsw/platforms/s32k1xx/bsp/bspEthernet/src/ethernet/EnetDriver.cpp:244:6:void ethernet::EnetDriver::interruptGroup0()	16	static
/workspaces/openbsw/platforms/s32k1xx/bsp/bspEthernet/src/ethernet/EnetDriver.cpp:250:6:void ethernet::EnetDriver::interruptGroup1()	0	static
/workspaces/openbsw/platforms/s32k1xx/bsp/bspEthernet/src/ethernet/EnetDriver.cpp:252:6:void ethernet::EnetDriver::interruptGroup2()	0	static
/workspaces/openbsw/platforms/s32k1xx/bsp/bspEthernet/src/ethernet/EnetDriver.cpp:254:6:void ethernet::EnetDriver::interruptGroup3()	0	static
/workspaces/openbsw/platforms/s32k1xx/bsp/bspEthernet/src/ethernet/EnetDriver.cpp:256:6:void ethernet::EnetDriver::setGroupcastAddressRecognition(etl::array<unsigned char, 6>) const	8	static
