/workspaces/openbsw/executables/referenceApp/application/src/systems/DemoSystem.cpp:97:6:virtual void systems::DemoSystem::init()	0	static
/workspaces/openbsw/executables/referenceApp/application/src/systems/DemoSystem.cpp:99:6:virtual void systems::DemoSystem::run()	16	static
/workspaces/openbsw/executables/referenceApp/application/src/systems/DemoSystem.cpp:116:6:virtual void systems::DemoSystem::shutdown()	8	static
/workspaces/openbsw/executables/referenceApp/application/src/systems/DemoSystem.cpp:50:1:systems::DemoSystem::DemoSystem(async::ContextType, lifecycle::ILifecycleManager&)	16	static
/workspaces/openbsw/executables/referenceApp/application/src/systems/DemoSystem.cpp:133:6:void systems::DemoSystem::cyclic()	24	static
/workspaces/openbsw/executables/referenceApp/application/src/systems/DemoSystem.cpp:131:6:virtual void systems::DemoSystem::execute()	0	static
/workspaces/openbsw/executables/referenceApp/application/include/systems/DemoSystem.h:66:10:virtual void systems::DemoSystem::_ZThn12_N7systems10DemoSystem7executeEv()	0	static
