/workspaces/openbsw/libs/safety/safeWatchdog/src/safeWatchdog/SafeWatchdog.cpp:18:1:safety::SafeWatchdog::SafeWatchdog()	0	static
/workspaces/openbsw/libs/safety/safeWatchdog/src/safeWatchdog/SafeWatchdog.cpp:20:6:void safety::SafeWatchdog::init()	0	static
/workspaces/openbsw/libs/safety/safeWatchdog/src/safeWatchdog/SafeWatchdog.cpp:26:6:void safety::SafeWatchdog::cyclic()	8	static
/workspaces/openbsw/libs/safety/safeWatchdog/src/safeWatchdog/SafeWatchdog.cpp:46:6:static void safety::SafeWatchdog::enableMcuWatchdog()	0	static
/workspaces/openbsw/libs/safety/safeWatchdog/src/safeWatchdog/SafeWatchdog.cpp:53:6:static bool safety::SafeWatchdog::checkWdConfigs()	0	static
