/workspaces/openbsw/platforms/s32k1xx/3rdparty/freertos_cm4_sysTick/src/port.c:225:13:prvTaskExitError	8	static
/workspaces/openbsw/platforms/s32k1xx/3rdparty/freertos_cm4_sysTick/src/port.c:270:13:prvPortStartFirstTask	0	static
/workspaces/openbsw/platforms/s32k1xx/3rdparty/freertos_cm4_sysTick/src/port.c:788:13:vPortEnableVFP	0	static
/workspaces/openbsw/platforms/s32k1xx/3rdparty/freertos_cm4_sysTick/src/port.c:193:15:pxPortInitialiseStack	4	static
/workspaces/openbsw/platforms/s32k1xx/3rdparty/freertos_cm4_sysTick/src/port.c:251:6:SVC_Handler	0	static
/workspaces/openbsw/platforms/s32k1xx/3rdparty/freertos_cm4_sysTick/src/port.c:423:6:vPortEndScheduler	0	static
/workspaces/openbsw/platforms/s32k1xx/3rdparty/freertos_cm4_sysTick/src/port.c:431:6:vPortEnterCritical	0	static
/workspaces/openbsw/platforms/s32k1xx/3rdparty/freertos_cm4_sysTick/src/port.c:448:6:vPortExitCritical	0	static
/workspaces/openbsw/platforms/s32k1xx/3rdparty/freertos_cm4_sysTick/src/port.c:460:6:PendSV_Handler	0	static
/workspaces/openbsw/platforms/s32k1xx/3rdparty/freertos_cm4_sysTick/src/port.c:517:6:SysTick_Handler	8	static
/workspaces/openbsw/platforms/s32k1xx/3rdparty/freertos_cm4_sysTick/src/port.c:764:32:vPortSetupTimerInterrupt	0	static
/workspaces/openbsw/platforms/s32k1xx/3rdparty/freertos_cm4_sysTick/src/port.c:297:12:xPortStartScheduler	32	static
/workspaces/openbsw/platforms/s32k1xx/3rdparty/freertos_cm4_sysTick/src/port.c:805:10:vPortValidateInterruptPriority	0	static
