/workspaces/openbsw/libs/3rdparty/lwip/src/core/ipv4/dhcp.c:1883:1:dhcp_create_msg	32	static
/workspaces/openbsw/libs/3rdparty/lwip/src/core/ipv4/dhcp.c:1479:1:dhcp_option_hostname	16	static
/workspaces/openbsw/libs/3rdparty/lwip/src/core/ipv4/dhcp.c:1083:1:dhcp_bind	16	static
/workspaces/openbsw/libs/3rdparty/lwip/src/core/ipv4/dhcp.c:273:1:dhcp_inc_pcb_refcount	16	static
/workspaces/openbsw/libs/3rdparty/lwip/src/core/ipv4/dhcp.c:666:1:dhcp_handle_ack.isra	16	static
/workspaces/openbsw/libs/3rdparty/lwip/src/core/ipv4/dhcp.c:1267:1:dhcp_reboot.isra	72	static
/workspaces/openbsw/libs/3rdparty/lwip/src/core/ipv4/dhcp.c:1019:1:dhcp_discover	56	static
/workspaces/openbsw/libs/3rdparty/lwip/src/core/ipv4/dhcp.c:446:1:dhcp_select.isra	80	static
/workspaces/openbsw/libs/3rdparty/lwip/src/core/ipv4/dhcp.c:1762:1:dhcp_recv	72	static
/workspaces/openbsw/libs/3rdparty/lwip/src/core/ipv4/dhcp.c:347:1:dhcp_conflict_callback	48	static
/workspaces/openbsw/libs/3rdparty/lwip/src/core/ipv4/dhcp.c:757:1:dhcp_set_struct	16	static
/workspaces/openbsw/libs/3rdparty/lwip/src/core/ipv4/dhcp.c:781:6:dhcp_cleanup	8	static
/workspaces/openbsw/libs/3rdparty/lwip/src/core/ipv4/dhcp.c:894:1:dhcp_inform	112	static
/workspaces/openbsw/libs/3rdparty/lwip/src/core/ipv4/dhcp.c:938:1:dhcp_network_changed_link_up	0	static
/workspaces/openbsw/libs/3rdparty/lwip/src/core/ipv4/dhcp.c:1157:1:dhcp_renew	72	static
/workspaces/openbsw/libs/3rdparty/lwip/src/core/ipv4/dhcp.c:1325:1:dhcp_release_and_stop	64	static
/workspaces/openbsw/libs/3rdparty/lwip/src/core/ipv4/dhcp.c:810:1:dhcp_start	24	static
/workspaces/openbsw/libs/3rdparty/lwip/src/core/ipv4/dhcp.c:510:1:dhcp_coarse_tmr	72	static
/workspaces/openbsw/libs/3rdparty/lwip/src/core/ipv4/dhcp.c:548:1:dhcp_fine_tmr	8	static
/workspaces/openbsw/libs/3rdparty/lwip/src/core/ipv4/dhcp.c:1400:1:dhcp_release	8	static
/workspaces/openbsw/libs/3rdparty/lwip/src/core/ipv4/dhcp.c:1412:1:dhcp_stop	0	static
/workspaces/openbsw/libs/3rdparty/lwip/src/core/ipv4/dhcp.c:1989:1:dhcp_supplied_address	0	static
