/workspaces/openbsw/libs/3rdparty/lwip/src/core/ipv4/ip4_addr.c:58:1:ip4_addr_isbroadcast_u32	0	static
/workspaces/openbsw/libs/3rdparty/lwip/src/core/ipv4/ip4_addr.c:93:1:ip4_addr_netmask_valid	8	static
/workspaces/openbsw/libs/3rdparty/lwip/src/core/ipv4/ip4_addr.c:145:1:ip4addr_aton	48	static
/workspaces/openbsw/libs/3rdparty/lwip/src/core/ipv4/ip4_addr.c:123:1:ipaddr_addr	16	static
/workspaces/openbsw/libs/3rdparty/lwip/src/core/ipv4/ip4_addr.c:285:1:ip4addr_ntoa_r	56	static
/workspaces/openbsw/libs/3rdparty/lwip/src/core/ipv4/ip4_addr.c:269:1:ip4addr_ntoa	0	static
