/workspaces/openbsw/libs/bsw/lwipSocket/include/lwipSocket/tcp/LwipServerSocket.h:42:13:tcp::LwipServerSocket::~LwipServerSocket()	0	static
/workspaces/openbsw/libs/bsw/lwipSocket/src/lwipSocket/tcp/LwipServerSocket.cpp:119:6:virtual bool tcp::LwipServerSocket::isClosed() const	0	static
/workspaces/openbsw/libs/bsw/lwipSocket/include/lwipSocket/tcp/LwipServerSocket.h:42:13:virtual tcp::LwipServerSocket::~LwipServerSocket()	8	static
/workspaces/openbsw/libs/bsw/util/include/util/logger/Logger.h:186:13:)	20	static
/workspaces/openbsw/libs/bsw/lwipSocket/src/lwipSocket/tcp/LwipServerSocket.cpp:109:6:virtual void tcp::LwipServerSocket::close()	8	static
/workspaces/openbsw/libs/bsw/util/include/util/logger/Logger.h:191:13:)	20	static
/workspaces/openbsw/libs/bsw/util/include/util/logger/Logger.h:201:13:)	20	static
/workspaces/openbsw/libs/bsw/lwipSocket/src/lwipSocket/tcp/LwipServerSocket.cpp:31:6:virtual bool tcp::LwipServerSocket::accept()	8	static
/workspaces/openbsw/libs/bsw/lwipSocket/src/lwipSocket/tcp/LwipServerSocket.cpp:121:7:static err_t tcp::LwipServerSocket::tcpAcceptListener(void*, tcp_pcb*, err_t)	40	static
/workspaces/openbsw/libs/bsw/lwipSocket/src/lwipSocket/tcp/LwipServerSocket.cpp:70:6:virtual bool tcp::LwipServerSocket::bind(const ip::IPAddress&, uint16_t)	24	static
/workspaces/openbsw/libs/bsw/lwipSocket/src/lwipSocket/tcp/LwipServerSocket.cpp:24:1:tcp::LwipServerSocket::LwipServerSocket()	8	static
/workspaces/openbsw/libs/bsw/lwipSocket/src/lwipSocket/tcp/LwipServerSocket.cpp:26:1:tcp::LwipServerSocket::LwipServerSocket(uint16_t, tcp::ISocketProvidingConnectionListener&)	8	static
