/workspaces/openbsw/libs/bsw/uds/src/uds/jobs/ReadIdentifierFromMemory.cpp:29:22:virtual uds::DiagReturnCode::Type uds::ReadIdentifierFromMemory::process(uds::IncomingDiagConnection&, const uint8_t*, uint16_t)	16	static
/workspaces/openbsw/libs/bsw/uds/src/uds/jobs/ReadIdentifierFromMemory.cpp:9:1:uds::ReadIdentifierFromMemory::ReadIdentifierFromMemory(uint16_t, const uint8_t*, uint16_t, uds::AbstractDiagJob::DiagSessionMask)	8	static
/workspaces/openbsw/libs/bsw/uds/src/uds/jobs/ReadIdentifierFromMemory.cpp:18:1:uds::ReadIdentifierFromMemory::ReadIdentifierFromMemory(uint16_t, const etl::span<const unsigned char>&, uds::AbstractDiagJob::DiagSessionMask)	0	static
