/workspaces/openbsw/executables/referenceApp/platforms/s32k148evb/bspConfiguration/src/bsp/SystemTimer/SystemTimer.cpp:49:6:void initSystemTimer()	16	static
/workspaces/openbsw/executables/referenceApp/platforms/s32k148evb/bspConfiguration/src/bsp/SystemTimer/SystemTimer.cpp:68:6:void initSystemTimerHelper(bool)	0	static
/workspaces/openbsw/executables/referenceApp/platforms/s32k148evb/bspConfiguration/src/bsp/SystemTimer/SystemTimer.cpp:78:10:uint64_t getSystemTicks()	0	static
/workspaces/openbsw/executables/referenceApp/platforms/s32k148evb/bspConfiguration/src/bsp/SystemTimer/SystemTimer.cpp:80:10:uint32_t getSystemTicks32Bit()	0	static
/workspaces/openbsw/executables/referenceApp/platforms/s32k148evb/bspConfiguration/src/bsp/SystemTimer/SystemTimer.cpp:82:10:uint64_t getSystemTimeNs()	0	static
/workspaces/openbsw/executables/referenceApp/platforms/s32k148evb/bspConfiguration/src/bsp/SystemTimer/SystemTimer.cpp:84:10:uint64_t getSystemTimeUs()	0	static
/workspaces/openbsw/executables/referenceApp/platforms/s32k148evb/bspConfiguration/src/bsp/SystemTimer/SystemTimer.cpp:86:10:uint32_t getSystemTimeUs32Bit()	0	static
/workspaces/openbsw/executables/referenceApp/platforms/s32k148evb/bspConfiguration/src/bsp/SystemTimer/SystemTimer.cpp:88:10:uint64_t getSystemTimeMs()	8	static
/workspaces/openbsw/executables/referenceApp/platforms/s32k148evb/bspConfiguration/src/bsp/SystemTimer/SystemTimer.cpp:90:41:etl::chrono::high_resolution_clock::rep etl_get_high_resolution_clock()	0	static
/workspaces/openbsw/executables/referenceApp/platforms/s32k148evb/bspConfiguration/src/bsp/SystemTimer/SystemTimer.cpp:95:32:etl::chrono::system_clock::rep etl_get_system_clock()	8	static
/workspaces/openbsw/executables/referenceApp/platforms/s32k148evb/bspConfiguration/src/bsp/SystemTimer/SystemTimer.cpp:100:32:etl::chrono::steady_clock::rep etl_get_steady_clock()	8	static
/workspaces/openbsw/executables/referenceApp/platforms/s32k148evb/bspConfiguration/src/bsp/SystemTimer/SystemTimer.cpp:105:10:uint32_t getSystemTimeMs32Bit()	8	static
/workspaces/openbsw/executables/referenceApp/platforms/s32k148evb/bspConfiguration/src/bsp/SystemTimer/SystemTimer.cpp:110:10:uint64_t systemTicksToTimeUs(uint64_t)	0	static
/workspaces/openbsw/executables/referenceApp/platforms/s32k148evb/bspConfiguration/src/bsp/SystemTimer/SystemTimer.cpp:112:10:uint64_t systemTicksToTimeNs(uint64_t)	0	static
/workspaces/openbsw/executables/referenceApp/platforms/s32k148evb/bspConfiguration/src/bsp/SystemTimer/SystemTimer.cpp:114:10:uint32_t getFastTicks()	0	static
/workspaces/openbsw/executables/referenceApp/platforms/s32k148evb/bspConfiguration/src/bsp/SystemTimer/SystemTimer.cpp:116:10:uint32_t getFastTicksPerSecond()	0	static
/workspaces/openbsw/executables/referenceApp/platforms/s32k148evb/bspConfiguration/src/bsp/SystemTimer/SystemTimer.cpp:122:6:void sysDelayUs(uint32_t)	20	static
