/workspaces/openbsw/libs/bsw/cpp2ethernet/src/tcp/util/TcpIperf2Server.cpp:21:17:virtual tcp::AbstractSocket* tcp::TcpIperf2Server::getSocket(const ip::IPAddress&, uint16_t)	0	static
/workspaces/openbsw/libs/bsw/cpp2ethernet/src/tcp/util/TcpIperf2Server.cpp:32:6:virtual void tcp::TcpIperf2Server::connectionAccepted(tcp::AbstractSocket&)	0	static
/workspaces/openbsw/libs/bsw/cpp2ethernet/src/tcp/util/TcpIperf2Server.cpp:41:6:virtual void tcp::TcpIperf2Server::connectionClosed(tcp::IDataListener::ErrorCode)	0	static
/workspaces/openbsw/libs/bsw/cpp2ethernet/include/tcp/util/TcpIperf2Server.h:25:10:virtual void tcp::TcpIperf2Server::_ZThn4_N3tcp15TcpIperf2Server16connectionClosedENS_13IDataListener9ErrorCodeE(tcp::IDataListener::ErrorCode)	0	static
/workspaces/openbsw/libs/bsw/util/include/util/logger/Logger.h:186:13:)	20	static
/workspaces/openbsw/libs/bsw/cpp2ethernet/src/tcp/util/TcpIperf2Server.cpp:34:6:virtual void tcp::TcpIperf2Server::dataReceived(uint16_t)	8	static
/workspaces/openbsw/libs/bsw/cpp2ethernet/include/tcp/util/TcpIperf2Server.h:23:10:virtual void tcp::TcpIperf2Server::_ZThn4_N3tcp15TcpIperf2Server12dataReceivedEt(uint16_t)	8	static
/workspaces/openbsw/libs/bsw/cpp2ethernet/src/tcp/util/TcpIperf2Server.cpp:17:1:tcp::TcpIperf2Server::TcpIperf2Server(tcp::AbstractSocket&)	4	static
