/workspaces/openbsw/libs/bsw/async/include/async/util/Call.h:52:6:void async::Call<T>::execute() [with T = etl::delegate<void()>]	0	static
/workspaces/openbsw/libs/bsw/uds/src/uds/async/AsyncDiagJobHelper.cpp:9:1:uds::AsyncDiagJobHelper::AsyncDiagJobHelper(uds::IAsyncDiagHelper&, uds::AbstractDiagJob&)	8	static
/workspaces/openbsw/libs/bsw/uds/src/uds/async/AsyncDiagJobHelper.cpp:19:6:bool uds::AsyncDiagJobHelper::hasPendingAsyncRequest() const	0	static
/workspaces/openbsw/libs/bsw/uds/src/uds/async/AsyncDiagJobHelper.cpp:24:25:uds::IncomingDiagConnection& uds::AsyncDiagJobHelper::getPendingConnection() const	0	static
/workspaces/openbsw/libs/bsw/uds/src/uds/async/AsyncDiagJobHelper.cpp:29:22:uds::DiagReturnCode::Type uds::AsyncDiagJobHelper::enqueueRequest(uds::IncomingDiagConnection&, const uint8_t*, uint16_t)	16	static
/workspaces/openbsw/libs/bsw/uds/src/uds/async/AsyncDiagJobHelper.cpp:45:6:void uds::AsyncDiagJobHelper::startAsyncRequest(uds::IncomingDiagConnection&)	0	static
/workspaces/openbsw/libs/bsw/uds/src/uds/async/AsyncDiagJobHelper.cpp:50:6:void uds::AsyncDiagJobHelper::endAsyncRequest()	8	static
/workspaces/openbsw/libs/bsw/uds/src/uds/async/AsyncDiagJobHelper.cpp:58:6:void uds::AsyncDiagJobHelper::triggerNextRequests()	24	static
/workspaces/openbsw/libs/3rdparty/etl/include/etl/private/delegate_cpp11.h:582:36:) = &uds::AsyncDiagJobHelper::triggerNextRequests; TReturn = void; TParams = {}]	0	static
