/workspaces/openbsw/libs/3rdparty/freeRtos/src/tasks.c:5387:13:prvAddCurrentTaskToDelayedList	24	static
/workspaces/openbsw/libs/3rdparty/freeRtos/src/tasks.c:3489:8:prvIdleTask	8	static
/workspaces/openbsw/libs/3rdparty/freeRtos/src/tasks.c:1350:16:eTaskGetState.part.0	24	static
/workspaces/openbsw/libs/3rdparty/freeRtos/src/tasks.c:2781:12:xTaskIncrementTick.part.0	48	static
/workspaces/openbsw/libs/3rdparty/freeRtos/src/tasks.c:568:18:xTaskCreateStatic	40	static
/workspaces/openbsw/libs/3rdparty/freeRtos/src/tasks.c:1116:10:vTaskDelete	16	static
/workspaces/openbsw/libs/3rdparty/freeRtos/src/tasks.c:1350:16:eTaskGetState	0	static
/workspaces/openbsw/libs/3rdparty/freeRtos/src/tasks.c:1458:17:uxTaskPriorityGet	8	static
/workspaces/openbsw/libs/3rdparty/freeRtos/src/tasks.c:1480:17:uxTaskPriorityGetFromISR	8	static
/workspaces/openbsw/libs/3rdparty/freeRtos/src/tasks.c:1521:10:vTaskPrioritySet	24	static
/workspaces/openbsw/libs/3rdparty/freeRtos/src/tasks.c:1839:10:vTaskResume	24	static
/workspaces/openbsw/libs/3rdparty/freeRtos/src/tasks.c:1893:16:xTaskResumeFromISR	24	static
/workspaces/openbsw/libs/3rdparty/freeRtos/src/tasks.c:1968:6:vTaskStartScheduler	48	static
/workspaces/openbsw/libs/3rdparty/freeRtos/src/tasks.c:2093:6:vTaskEndScheduler	0	static
/workspaces/openbsw/libs/3rdparty/freeRtos/src/tasks.c:2104:6:vTaskSuspendAll	0	static
/workspaces/openbsw/libs/3rdparty/freeRtos/src/tasks.c:2188:12:xTaskResumeAll	48	static
/workspaces/openbsw/libs/3rdparty/freeRtos/src/tasks.c:1218:16:xTaskDelayUntil	8	static
/workspaces/openbsw/libs/3rdparty/freeRtos/src/tasks.c:1305:10:vTaskDelay	8	static
/workspaces/openbsw/libs/3rdparty/freeRtos/src/tasks.c:2300:12:xTaskGetTickCount	0	static
/workspaces/openbsw/libs/3rdparty/freeRtos/src/tasks.c:2315:12:xTaskGetTickCountFromISR	8	static
/workspaces/openbsw/libs/3rdparty/freeRtos/src/tasks.c:2346:13:uxTaskGetNumberOfTasks	0	static
/workspaces/openbsw/libs/3rdparty/freeRtos/src/tasks.c:2354:8:pcTaskGetName	0	static
/workspaces/openbsw/libs/3rdparty/freeRtos/src/tasks.c:2503:16:xTaskGetStaticBuffers	0	static
/workspaces/openbsw/libs/3rdparty/freeRtos/src/tasks.c:2625:18:xTaskGetIdleTaskHandle	0	static
/workspaces/openbsw/libs/3rdparty/freeRtos/src/tasks.c:2677:12:xTaskCatchUpTicks	8	static
/workspaces/openbsw/libs/3rdparty/freeRtos/src/tasks.c:2781:12:xTaskIncrementTick	0	static
/workspaces/openbsw/libs/3rdparty/freeRtos/src/tasks.c:3070:6:vTaskSwitchContext	16	static
/workspaces/openbsw/libs/3rdparty/freeRtos/src/tasks.c:1687:10:vTaskSuspend	16	static
/workspaces/openbsw/libs/3rdparty/freeRtos/src/tasks.c:3144:6:vTaskPlaceOnEventList	8	static
/workspaces/openbsw/libs/3rdparty/freeRtos/src/tasks.c:3169:6:vTaskPlaceOnUnorderedEventList	16	static
/workspaces/openbsw/libs/3rdparty/freeRtos/src/tasks.c:3197:10:vTaskPlaceOnEventListRestricted	20	static
/workspaces/openbsw/libs/3rdparty/freeRtos/src/tasks.c:3230:12:xTaskRemoveFromEventList	16	static
/workspaces/openbsw/libs/3rdparty/freeRtos/src/tasks.c:3298:6:vTaskRemoveFromUnorderedEventList	20	static
/workspaces/openbsw/libs/3rdparty/freeRtos/src/tasks.c:3347:6:vTaskSetTimeOutState	8	static
/workspaces/openbsw/libs/3rdparty/freeRtos/src/tasks.c:3359:6:vTaskInternalSetTimeOutState	0	static
/workspaces/openbsw/libs/3rdparty/freeRtos/src/tasks.c:3367:12:xTaskCheckForTimeOut	24	static
/workspaces/openbsw/libs/3rdparty/freeRtos/src/tasks.c:3432:6:vTaskMissedYield	0	static
/workspaces/openbsw/libs/3rdparty/freeRtos/src/tasks.c:3440:17:uxTaskGetTaskNumber	0	static
/workspaces/openbsw/libs/3rdparty/freeRtos/src/tasks.c:3463:10:vTaskSetTaskNumber	0	static
/workspaces/openbsw/libs/3rdparty/freeRtos/src/tasks.c:3775:10:vTaskGetInfo	16	static
/workspaces/openbsw/libs/3rdparty/freeRtos/src/tasks.c:3890:24:prvListTasksWithinSingleList.part.0	32	static
/workspaces/openbsw/libs/3rdparty/freeRtos/src/tasks.c:2550:17:uxTaskGetSystemState	32	static
/workspaces/openbsw/libs/3rdparty/freeRtos/src/tasks.c:3986:17:uxTaskGetStackHighWaterMark	0	static
/workspaces/openbsw/libs/3rdparty/freeRtos/src/tasks.c:4090:18:xTaskGetCurrentTaskHandle	0	static
/workspaces/openbsw/libs/3rdparty/freeRtos/src/tasks.c:4107:16:xTaskGetSchedulerState	0	static
/workspaces/openbsw/libs/3rdparty/freeRtos/src/tasks.c:4135:16:xTaskPriorityInherit	24	static
/workspaces/openbsw/libs/3rdparty/freeRtos/src/tasks.c:4225:16:xTaskPriorityDisinherit	24	static
/workspaces/openbsw/libs/3rdparty/freeRtos/src/tasks.c:4305:10:vTaskPriorityDisinheritAfterTimeout	24	static
/workspaces/openbsw/libs/3rdparty/freeRtos/src/tasks.c:4726:12:uxTaskResetEventItemValue	0	static
/workspaces/openbsw/libs/3rdparty/freeRtos/src/tasks.c:4742:18:pvTaskIncrementMutexHeldCount	0	static
/workspaces/openbsw/libs/3rdparty/freeRtos/src/tasks.c:4759:14:ulTaskGenericNotifyTake	24	static
/workspaces/openbsw/libs/3rdparty/freeRtos/src/tasks.c:4831:16:xTaskGenericNotifyWait	24	static
/workspaces/openbsw/libs/3rdparty/freeRtos/src/tasks.c:4917:16:xTaskGenericNotify	24	static
/workspaces/openbsw/libs/3rdparty/freeRtos/src/tasks.c:5040:16:xTaskGenericNotifyFromISR	24	static
/workspaces/openbsw/libs/3rdparty/freeRtos/src/tasks.c:5179:10:vTaskGenericNotifyGiveFromISR	24	static
/workspaces/openbsw/libs/3rdparty/freeRtos/src/tasks.c:5268:16:xTaskGenericNotifyStateClear	16	static
/workspaces/openbsw/libs/3rdparty/freeRtos/src/tasks.c:5302:14:ulTaskGenericNotifyValueClear	16	static
/workspaces/openbsw/libs/3rdparty/freeRtos/src/tasks.c:5332:33:ulTaskGetRunTimeCounter	0	static
/workspaces/openbsw/libs/3rdparty/freeRtos/src/tasks.c:5342:33:ulTaskGetRunTimePercent	8	static
/workspaces/openbsw/libs/3rdparty/freeRtos/src/tasks.c:5369:33:ulTaskGetIdleRunTimeCounter	0	static
/workspaces/openbsw/libs/3rdparty/freeRtos/src/tasks.c:5379:33:ulTaskGetIdleRunTimePercent	8	static
