/workspaces/openbsw/libs/bsw/uds/src/uds/resume/ResumableResetDriver.cpp:108:6:virtual void uds::ResumableResetDriver::execute()	0	static
/workspaces/openbsw/libs/bsw/uds/src/uds/resume/ResumableResetDriver.cpp:13:1:uds::ResumableResetDriver::ResumableResetDriver(uds::IUdsLifecycleConnector&, async::ContextType, uds::IResumableResetDriverPersistence&, transport::TransportMessage&, uint16_t, uds::IUdsLifecycleConnector::ShutdownType, uint16_t, uint16_t)	32	static
/workspaces/openbsw/libs/bsw/uds/src/uds/resume/ResumableResetDriver.cpp:33:6:void uds::ResumableResetDriver::resume(uds::IResumableDiagDispatcher&)	24	static
/workspaces/openbsw/libs/bsw/uds/src/uds/resume/ResumableResetDriver.cpp:60:6:void uds::ResumableResetDriver::init(uds::IResumableDiagDispatcher&)	0	static
/workspaces/openbsw/libs/bsw/uds/src/uds/resume/ResumableResetDriver.cpp:65:6:void uds::ResumableResetDriver::shutdown()	0	static
/workspaces/openbsw/libs/bsw/uds/src/uds/resume/ResumableResetDriver.cpp:67:6:bool uds::ResumableResetDriver::prepareReset(const transport::TransportMessage*)	16	static
/workspaces/openbsw/libs/bsw/uds/src/uds/resume/ResumableResetDriver.cpp:88:6:void uds::ResumableResetDriver::abortReset()	8	static
/workspaces/openbsw/libs/bsw/uds/src/uds/resume/ResumableResetDriver.cpp:96:6:void uds::ResumableResetDriver::reset(uds::IUdsLifecycleConnector::ShutdownType, uint16_t)	8	static
/workspaces/openbsw/libs/bsw/uds/src/uds/resume/ResumableResetDriver.cpp:94:6:void uds::ResumableResetDriver::reset()	0	static
/workspaces/openbsw/libs/bsw/uds/src/uds/resume/ResumableResetDriver.cpp:106:6:void uds::ResumableResetDriver::lifecycleComplete()	0	static
